Archive member included to satisfy reference by file (symbol)

c:/program files (x86)/stm/stm32cubeide_1.0.0/stm32cubeide/plugins/com.st.stm32cube.ide.mcu.externaltools.gnu-tools-for-stm32.7-2018-q2-update.win32_1.0.0.201904181610/tools/bin/../lib/gcc/arm-none-eabi/7.3.1/../../../../arm-none-eabi/lib/thumb/v7-m\libc_nano.a(lib_a-errno.o)
                              Src\syscalls.o (__errno)
c:/program files (x86)/stm/stm32cubeide_1.0.0/stm32cubeide/plugins/com.st.stm32cube.ide.mcu.externaltools.gnu-tools-for-stm32.7-2018-q2-update.win32_1.0.0.201904181610/tools/bin/../lib/gcc/arm-none-eabi/7.3.1/../../../../arm-none-eabi/lib/thumb/v7-m\libc_nano.a(lib_a-exit.o)
                              c:/program files (x86)/stm/stm32cubeide_1.0.0/stm32cubeide/plugins/com.st.stm32cube.ide.mcu.externaltools.gnu-tools-for-stm32.7-2018-q2-update.win32_1.0.0.201904181610/tools/bin/../lib/gcc/arm-none-eabi/7.3.1/../../../../arm-none-eabi/lib/thumb/v7-m/crt0.o (exit)
c:/program files (x86)/stm/stm32cubeide_1.0.0/stm32cubeide/plugins/com.st.stm32cube.ide.mcu.externaltools.gnu-tools-for-stm32.7-2018-q2-update.win32_1.0.0.201904181610/tools/bin/../lib/gcc/arm-none-eabi/7.3.1/../../../../arm-none-eabi/lib/thumb/v7-m\libc_nano.a(lib_a-impure.o)
                              c:/program files (x86)/stm/stm32cubeide_1.0.0/stm32cubeide/plugins/com.st.stm32cube.ide.mcu.externaltools.gnu-tools-for-stm32.7-2018-q2-update.win32_1.0.0.201904181610/tools/bin/../lib/gcc/arm-none-eabi/7.3.1/../../../../arm-none-eabi/lib/thumb/v7-m\libc_nano.a(lib_a-exit.o) (_global_impure_ptr)
c:/program files (x86)/stm/stm32cubeide_1.0.0/stm32cubeide/plugins/com.st.stm32cube.ide.mcu.externaltools.gnu-tools-for-stm32.7-2018-q2-update.win32_1.0.0.201904181610/tools/bin/../lib/gcc/arm-none-eabi/7.3.1/../../../../arm-none-eabi/lib/thumb/v7-m\libc_nano.a(lib_a-init.o)
                              c:/program files (x86)/stm/stm32cubeide_1.0.0/stm32cubeide/plugins/com.st.stm32cube.ide.mcu.externaltools.gnu-tools-for-stm32.7-2018-q2-update.win32_1.0.0.201904181610/tools/bin/../lib/gcc/arm-none-eabi/7.3.1/../../../../arm-none-eabi/lib/thumb/v7-m/crt0.o (__libc_init_array)
c:/program files (x86)/stm/stm32cubeide_1.0.0/stm32cubeide/plugins/com.st.stm32cube.ide.mcu.externaltools.gnu-tools-for-stm32.7-2018-q2-update.win32_1.0.0.201904181610/tools/bin/../lib/gcc/arm-none-eabi/7.3.1/../../../../arm-none-eabi/lib/thumb/v7-m\libc_nano.a(lib_a-memset.o)
                              c:/program files (x86)/stm/stm32cubeide_1.0.0/stm32cubeide/plugins/com.st.stm32cube.ide.mcu.externaltools.gnu-tools-for-stm32.7-2018-q2-update.win32_1.0.0.201904181610/tools/bin/../lib/gcc/arm-none-eabi/7.3.1/../../../../arm-none-eabi/lib/thumb/v7-m/crt0.o (memset)
c:/program files (x86)/stm/stm32cubeide_1.0.0/stm32cubeide/plugins/com.st.stm32cube.ide.mcu.externaltools.gnu-tools-for-stm32.7-2018-q2-update.win32_1.0.0.201904181610/tools/bin/../lib/gcc/arm-none-eabi/7.3.1/../../../../arm-none-eabi/lib/thumb/v7-m\libc_nano.a(lib_a-sprintf.o)
                              Src\Time.o (sprintf)
c:/program files (x86)/stm/stm32cubeide_1.0.0/stm32cubeide/plugins/com.st.stm32cube.ide.mcu.externaltools.gnu-tools-for-stm32.7-2018-q2-update.win32_1.0.0.201904181610/tools/bin/../lib/gcc/arm-none-eabi/7.3.1/../../../../arm-none-eabi/lib/thumb/v7-m\libc_nano.a(lib_a-sscanf.o)
                              Src\Time.o (sscanf)
c:/program files (x86)/stm/stm32cubeide_1.0.0/stm32cubeide/plugins/com.st.stm32cube.ide.mcu.externaltools.gnu-tools-for-stm32.7-2018-q2-update.win32_1.0.0.201904181610/tools/bin/../lib/gcc/arm-none-eabi/7.3.1/../../../../arm-none-eabi/lib/thumb/v7-m\libc_nano.a(lib_a-stdio.o)
                              c:/program files (x86)/stm/stm32cubeide_1.0.0/stm32cubeide/plugins/com.st.stm32cube.ide.mcu.externaltools.gnu-tools-for-stm32.7-2018-q2-update.win32_1.0.0.201904181610/tools/bin/../lib/gcc/arm-none-eabi/7.3.1/../../../../arm-none-eabi/lib/thumb/v7-m\libc_nano.a(lib_a-sscanf.o) (__seofread)
c:/program files (x86)/stm/stm32cubeide_1.0.0/stm32cubeide/plugins/com.st.stm32cube.ide.mcu.externaltools.gnu-tools-for-stm32.7-2018-q2-update.win32_1.0.0.201904181610/tools/bin/../lib/gcc/arm-none-eabi/7.3.1/../../../../arm-none-eabi/lib/thumb/v7-m\libc_nano.a(lib_a-strlen.o)
                              Src\Bluetooth.o (strlen)
c:/program files (x86)/stm/stm32cubeide_1.0.0/stm32cubeide/plugins/com.st.stm32cube.ide.mcu.externaltools.gnu-tools-for-stm32.7-2018-q2-update.win32_1.0.0.201904181610/tools/bin/../lib/gcc/arm-none-eabi/7.3.1/../../../../arm-none-eabi/lib/thumb/v7-m\libc_nano.a(lib_a-writer.o)
                              c:/program files (x86)/stm/stm32cubeide_1.0.0/stm32cubeide/plugins/com.st.stm32cube.ide.mcu.externaltools.gnu-tools-for-stm32.7-2018-q2-update.win32_1.0.0.201904181610/tools/bin/../lib/gcc/arm-none-eabi/7.3.1/../../../../arm-none-eabi/lib/thumb/v7-m\libc_nano.a(lib_a-stdio.o) (_write_r)
[...]
Memory Configuration

Name             Origin             Length             Attributes
FLASH            0x0000000008000000 0x0000000000010000 xr
RAM              0x0000000020000000 0x0000000000005000 xrw
*default*        0x0000000000000000 0xffffffffffffffff

Linker script and memory map

LOAD c:/program files (x86)/stm/stm32cubeide_1.0.0/stm32cubeide/plugins/com.st.stm32cube.ide.mcu.externaltools.gnu-tools-for-stm32.7-2018-q2-update.win32_1.0.0.201904181610/tools/bin/../lib/gcc/arm-none-eabi/7.3.1/thumb/v7-m/crti.o
LOAD c:/program files (x86)/stm/stm32cubeide_1.0.0/stm32cubeide/plugins/com.st.stm32cube.ide.mcu.externaltools.gnu-tools-for-stm32.7-2018-q2-update.win32_1.0.0.201904181610/tools/bin/../lib/gcc/arm-none-eabi/7.3.1/thumb/v7-m/crtbegin.o
LOAD c:/program files (x86)/stm/stm32cubeide_1.0.0/stm32cubeide/plugins/com.st.stm32cube.ide.mcu.externaltools.gnu-tools-for-stm32.7-2018-q2-update.win32_1.0.0.201904181610/tools/bin/../lib/gcc/arm-none-eabi/7.3.1/../../../../arm-none-eabi/lib/thumb/v7-m/crt0.o
LOAD Drivers\STM32F1xx_HAL_Driver\Src\stm32f1xx_hal.o
LOAD Drivers\STM32F1xx_HAL_Driver\Src\stm32f1xx_hal_cortex.o
LOAD Drivers\STM32F1xx_HAL_Driver\Src\stm32f1xx_hal_dma.o
LOAD Drivers\STM32F1xx_HAL_Driver\Src\stm32f1xx_hal_flash.o
LOAD Drivers\STM32F1xx_HAL_Driver\Src\stm32f1xx_hal_flash_ex.o
LOAD Drivers\STM32F1xx_HAL_Driver\Src\stm32f1xx_hal_gpio.o
LOAD Drivers\STM32F1xx_HAL_Driver\Src\stm32f1xx_hal_gpio_ex.o
LOAD Drivers\STM32F1xx_HAL_Driver\Src\stm32f1xx_hal_i2c.o
LOAD Drivers\STM32F1xx_HAL_Driver\Src\stm32f1xx_hal_pwr.o
LOAD Drivers\STM32F1xx_HAL_Driver\Src\stm32f1xx_hal_rcc.o
LOAD Drivers\STM32F1xx_HAL_Driver\Src\stm32f1xx_hal_rcc_ex.o
LOAD Drivers\STM32F1xx_HAL_Driver\Src\stm32f1xx_hal_rtc.o
LOAD Drivers\STM32F1xx_HAL_Driver\Src\stm32f1xx_hal_rtc_ex.o
LOAD Drivers\STM32F1xx_HAL_Driver\Src\stm32f1xx_hal_tim.o
LOAD Drivers\STM32F1xx_HAL_Driver\Src\stm32f1xx_hal_tim_ex.o
LOAD Drivers\STM32F1xx_HAL_Driver\Src\stm32f1xx_hal_uart.o
LOAD Src\Audio.o
LOAD Src\Bluetooth.o
LOAD Src\Button.o
LOAD Src\LCD.o
LOAD Src\Light.o
LOAD Src\Time.o
LOAD Src\UI.o
LOAD Src\main.o
LOAD Src\stm32f1xx_hal_msp.o
LOAD Src\stm32f1xx_it.o
LOAD Src\syscalls.o
LOAD Src\sysmem.o
LOAD Src\system_stm32f1xx.o
LOAD Startup\startup_stm32f103c8tx.o
START GROUP
LOAD c:/program files (x86)/stm/stm32cubeide_1.0.0/stm32cubeide/plugins/com.st.stm32cube.ide.mcu.externaltools.gnu-tools-for-stm32.7-2018-q2-update.win32_1.0.0.201904181610/tools/bin/../lib/gcc/arm-none-eabi/7.3.1/../../../../arm-none-eabi/lib/thumb/v7-m\libstdc++_nano.a
LOAD c:/program files (x86)/stm/stm32cubeide_1.0.0/stm32cubeide/plugins/com.st.stm32cube.ide.mcu.externaltools.gnu-tools-for-stm32.7-2018-q2-update.win32_1.0.0.201904181610/tools/bin/../lib/gcc/arm-none-eabi/7.3.1/../../../../arm-none-eabi/lib/thumb/v7-m\libsupc++_nano.a
END GROUP
LOAD c:/program files (x86)/stm/stm32cubeide_1.0.0/stm32cubeide/plugins/com.st.stm32cube.ide.mcu.externaltools.gnu-tools-for-stm32.7-2018-q2-update.win32_1.0.0.201904181610/tools/bin/../lib/gcc/arm-none-eabi/7.3.1/../../../../arm-none-eabi/lib/thumb/v7-m\libstdc++_nano.a
LOAD c:/program files (x86)/stm/stm32cubeide_1.0.0/stm32cubeide/plugins/com.st.stm32cube.ide.mcu.externaltools.gnu-tools-for-stm32.7-2018-q2-update.win32_1.0.0.201904181610/tools/bin/../lib/gcc/arm-none-eabi/7.3.1/../../../../arm-none-eabi/lib/thumb/v7-m\libm.a
LOAD c:/program files (x86)/stm/stm32cubeide_1.0.0/stm32cubeide/plugins/com.st.stm32cube.ide.mcu.externaltools.gnu-tools-for-stm32.7-2018-q2-update.win32_1.0.0.201904181610/tools/bin/../lib/gcc/arm-none-eabi/7.3.1/../../../../arm-none-eabi/lib/thumb/v7-m\libc_nano.a
START GROUP
LOAD c:/program files (x86)/stm/stm32cubeide_1.0.0/stm32cubeide/plugins/com.st.stm32cube.ide.mcu.externaltools.gnu-tools-for-stm32.7-2018-q2-update.win32_1.0.0.201904181610/tools/bin/../lib/gcc/arm-none-eabi/7.3.1/thumb/v7-m\libgcc.a
LOAD c:/program files (x86)/stm/stm32cubeide_1.0.0/stm32cubeide/plugins/com.st.stm32cube.ide.mcu.externaltools.gnu-tools-for-stm32.7-2018-q2-update.win32_1.0.0.201904181610/tools/bin/../lib/gcc/arm-none-eabi/7.3.1/../../../../arm-none-eabi/lib/thumb/v7-m\libc_nano.a
END GROUP
START GROUP
LOAD c:/program files (x86)/stm/stm32cubeide_1.0.0/stm32cubeide/plugins/com.st.stm32cube.ide.mcu.externaltools.gnu-tools-for-stm32.7-2018-q2-update.win32_1.0.0.201904181610/tools/bin/../lib/gcc/arm-none-eabi/7.3.1/thumb/v7-m\libgcc.a
LOAD c:/program files (x86)/stm/stm32cubeide_1.0.0/stm32cubeide/plugins/com.st.stm32cube.ide.mcu.externaltools.gnu-tools-for-stm32.7-2018-q2-update.win32_1.0.0.201904181610/tools/bin/../lib/gcc/arm-none-eabi/7.3.1/../../../../arm-none-eabi/lib/thumb/v7-m\libc_nano.a
LOAD c:/program files (x86)/stm/stm32cubeide_1.0.0/stm32cubeide/plugins/com.st.stm32cube.ide.mcu.externaltools.gnu-tools-for-stm32.7-2018-q2-update.win32_1.0.0.201904181610/tools/bin/../lib/gcc/arm-none-eabi/7.3.1/../../../../arm-none-eabi/lib/thumb/v7-m\libnosys.a
END GROUP
START GROUP
LOAD c:/program files (x86)/stm/stm32cubeide_1.0.0/stm32cubeide/plugins/com.st.stm32cube.ide.mcu.externaltools.gnu-tools-for-stm32.7-2018-q2-update.win32_1.0.0.201904181610/tools/bin/../lib/gcc/arm-none-eabi/7.3.1/thumb/v7-m\libgcc.a
LOAD c:/program files (x86)/stm/stm32cubeide_1.0.0/stm32cubeide/plugins/com.st.stm32cube.ide.mcu.externaltools.gnu-tools-for-stm32.7-2018-q2-update.win32_1.0.0.201904181610/tools/bin/../lib/gcc/arm-none-eabi/7.3.1/../../../../arm-none-eabi/lib/thumb/v7-m\libc_nano.a
LOAD c:/program files (x86)/stm/stm32cubeide_1.0.0/stm32cubeide/plugins/com.st.stm32cube.ide.mcu.externaltools.gnu-tools-for-stm32.7-2018-q2-update.win32_1.0.0.201904181610/tools/bin/../lib/gcc/arm-none-eabi/7.3.1/../../../../arm-none-eabi/lib/thumb/v7-m\libnosys.a
END GROUP
LOAD c:/program files (x86)/stm/stm32cubeide_1.0.0/stm32cubeide/plugins/com.st.stm32cube.ide.mcu.externaltools.gnu-tools-for-stm32.7-2018-q2-update.win32_1.0.0.201904181610/tools/bin/../lib/gcc/arm-none-eabi/7.3.1/thumb/v7-m/crtend.o
LOAD c:/program files (x86)/stm/stm32cubeide_1.0.0/stm32cubeide/plugins/com.st.stm32cube.ide.mcu.externaltools.gnu-tools-for-stm32.7-2018-q2-update.win32_1.0.0.201904181610/tools/bin/../lib/gcc/arm-none-eabi/7.3.1/thumb/v7-m/crtn.o
                0x0000000020004fff                _estack = 0x20004fff
                0x0000000000000200                _Min_Heap_Size = 0x200
                0x0000000000000400                _Min_Stack_Size = 0x400

.isr_vector     0x0000000008000000      0x10c
                0x0000000008000000                . = ALIGN (0x4)
 *(.isr_vector)
 .isr_vector    0x0000000008000000      0x10c Startup\startup_stm32f103c8tx.o
                0x0000000008000000                g_pfnVectors
                0x000000000800010c                . = ALIGN (0x4)

.text           0x000000000800010c     0x8dec
                0x000000000800010c                . = ALIGN (0x4)
 *(.text)
 .text          0x000000000800010c       0x40 c:/program files (x86)/stm/stm32cubeide_1.0.0/stm32cubeide/plugins/com.st.stm32cube.ide.mcu.externaltools.gnu-tools-for-stm32.7-2018-q2-update.win32_1.0.0.201904181610/tools/bin/../lib/gcc/arm-none-eabi/7.3.1/thumb/v7-m/crtbegin.o
 .text          0x000000000800014c       0x10 c:/program files (x86)/stm/stm32cubeide_1.0.0/stm32cubeide/plugins/com.st.stm32cube.ide.mcu.externaltools.gnu-tools-for-stm32.7-2018-q2-update.win32_1.0.0.201904181610/tools/bin/../lib/gcc/arm-none-eabi/7.3.1/../../../../arm-none-eabi/lib/thumb/v7-m\libc_nano.a(lib_a-strlen.o)
                0x000000000800014c                strlen
 *(.text*)
 .text.HAL_Init
                0x000000000800015c       0x2c Drivers\STM32F1xx_HAL_Driver\Src\stm32f1xx_hal.o
                0x000000000800015c                HAL_Init
 .text.HAL_InitTick
                0x0000000008000188       0x60 Drivers\STM32F1xx_HAL_Driver\Src\stm32f1xx_hal.o
                0x0000000008000188                HAL_InitTick
 .text.HAL_IncTick
                0x00000000080001e8       0x24 Drivers\STM32F1xx_HAL_Driver\Src\stm32f1xx_hal.o
                0x00000000080001e8                HAL_IncTick
 .text.HAL_GetTick
                0x000000000800020c       0x14 Drivers\STM32F1xx_HAL_Driver\Src\stm32f1xx_hal.o
                0x000000000800020c                HAL_GetTick
 .text.HAL_Delay
                0x0000000008000220       0x44 Drivers\STM32F1xx_HAL_Driver\Src\stm32f1xx_hal.o
                0x0000000008000220                HAL_Delay
 .text.NVIC_SetPriorityGrouping
                0x0000000008000264       0x48 Drivers\STM32F1xx_HAL_Driver\Src\stm32f1xx_hal_cortex.o
 .text.NVIC_GetPriorityGrouping
                0x00000000080002ac       0x1c Drivers\STM32F1xx_HAL_Driver\Src\stm32f1xx_hal_cortex.o
 .text.NVIC_EnableIRQ
                0x00000000080002c8       0x30 Drivers\STM32F1xx_HAL_Driver\Src\stm32f1xx_hal_cortex.o
 .text.NVIC_SetPriority
                0x00000000080002f8       0x54 Drivers\STM32F1xx_HAL_Driver\Src\stm32f1xx_hal_cortex.o
 .text.NVIC_EncodePriority
                0x000000000800034c       0x64 Drivers\STM32F1xx_HAL_Driver\Src\stm32f1xx_hal_cortex.o
 .text.SysTick_Config
                0x00000000080003b0       0x44 Drivers\STM32F1xx_HAL_Driver\Src\stm32f1xx_hal_cortex.o
 .text.HAL_NVIC_SetPriorityGrouping
                0x00000000080003f4       0x16 Drivers\STM32F1xx_HAL_Driver\Src\stm32f1xx_hal_cortex.o
                0x00000000080003f4                HAL_NVIC_SetPriorityGrouping
 .text.HAL_NVIC_SetPriority
                0x000000000800040a       0x38 Drivers\STM32F1xx_HAL_Driver\Src\stm32f1xx_hal_cortex.o
                0x000000000800040a                HAL_NVIC_SetPriority
 .text.HAL_NVIC_EnableIRQ
                0x0000000008000442       0x1c Drivers\STM32F1xx_HAL_Driver\Src\stm32f1xx_hal_cortex.o
                0x0000000008000442                HAL_NVIC_EnableIRQ
 .text.HAL_SYSTICK_Config
                0x000000000800045e       0x18 Drivers\STM32F1xx_HAL_Driver\Src\stm32f1xx_hal_cortex.o
                0x000000000800045e                HAL_SYSTICK_Config
 *fill*         0x0000000008000476        0x2 
 .text.HAL_DMA_Init
                0x0000000008000478       0xb4 Drivers\STM32F1xx_HAL_Driver\Src\stm32f1xx_hal_dma.o
                0x0000000008000478                HAL_DMA_Init
 .text.HAL_DMA_Start_IT
                0x000000000800052c       0xbe Drivers\STM32F1xx_HAL_Driver\Src\stm32f1xx_hal_dma.o
                0x000000000800052c                HAL_DMA_Start_IT
 *fill*         0x00000000080005ea        0x2 
 .text.HAL_DMA_Abort_IT
                0x00000000080005ec       0xec Drivers\STM32F1xx_HAL_Driver\Src\stm32f1xx_hal_dma.o
                0x00000000080005ec                HAL_DMA_Abort_IT
 .text.HAL_DMA_IRQHandler
                0x00000000080006d8      0x20c Drivers\STM32F1xx_HAL_Driver\Src\stm32f1xx_hal_dma.o
                0x00000000080006d8                HAL_DMA_IRQHandler
 .text.DMA_SetConfig
                0x00000000080008e4       0x5a Drivers\STM32F1xx_HAL_Driver\Src\stm32f1xx_hal_dma.o
 *fill*         0x000000000800093e        0x2 
 .text.HAL_GPIO_Init
                0x0000000008000940      0x2bc Drivers\STM32F1xx_HAL_Driver\Src\stm32f1xx_hal_gpio.o
                0x0000000008000940                HAL_GPIO_Init
 .text.HAL_GPIO_ReadPin
                0x0000000008000bfc       0x2e Drivers\STM32F1xx_HAL_Driver\Src\stm32f1xx_hal_gpio.o
                0x0000000008000bfc                HAL_GPIO_ReadPin
 .text.HAL_GPIO_WritePin
                0x0000000008000c2a       0x30 Drivers\STM32F1xx_HAL_Driver\Src\stm32f1xx_hal_gpio.o
                0x0000000008000c2a                HAL_GPIO_WritePin
 *fill*         0x0000000008000c5a        0x2 
 .text.HAL_I2C_Init
                0x0000000008000c5c      0x208 Drivers\STM32F1xx_HAL_Driver\Src\stm32f1xx_hal_i2c.o
                0x0000000008000c5c                HAL_I2C_Init
 .text.HAL_I2C_Master_Transmit
                0x0000000008000e64      0x21c Drivers\STM32F1xx_HAL_Driver\Src\stm32f1xx_hal_i2c.o
                0x0000000008000e64                HAL_I2C_Master_Transmit
 .text.I2C_MasterRequestWrite
                0x0000000008001080      0x104 Drivers\STM32F1xx_HAL_Driver\Src\stm32f1xx_hal_i2c.o
 .text.I2C_WaitOnFlagUntilTimeout
                0x0000000008001184       0xa2 Drivers\STM32F1xx_HAL_Driver\Src\stm32f1xx_hal_i2c.o
 .text.I2C_WaitOnMasterAddressFlagUntilTimeout
                0x0000000008001226       0xdc Drivers\STM32F1xx_HAL_Driver\Src\stm32f1xx_hal_i2c.o
 .text.I2C_WaitOnTXEFlagUntilTimeout
                0x0000000008001302       0x7a Drivers\STM32F1xx_HAL_Driver\Src\stm32f1xx_hal_i2c.o
 .text.I2C_WaitOnBTFFlagUntilTimeout
                0x000000000800137c       0x7a Drivers\STM32F1xx_HAL_Driver\Src\stm32f1xx_hal_i2c.o
 .text.I2C_IsAcknowledgeFailed
                0x00000000080013f6       0x4e Drivers\STM32F1xx_HAL_Driver\Src\stm32f1xx_hal_i2c.o
 .text.HAL_PWR_EnableBkUpAccess
                0x0000000008001444       0x18 Drivers\STM32F1xx_HAL_Driver\Src\stm32f1xx_hal_pwr.o
                0x0000000008001444                HAL_PWR_EnableBkUpAccess
 .text.HAL_RCC_OscConfig
                0x000000000800145c      0x4c8 Drivers\STM32F1xx_HAL_Driver\Src\stm32f1xx_hal_rcc.o
                0x000000000800145c                HAL_RCC_OscConfig
 .text.HAL_RCC_ClockConfig
                0x0000000008001924      0x218 Drivers\STM32F1xx_HAL_Driver\Src\stm32f1xx_hal_rcc.o
                0x0000000008001924                HAL_RCC_ClockConfig
 .text.HAL_RCC_GetSysClockFreq
                0x0000000008001b3c       0xc4 Drivers\STM32F1xx_HAL_Driver\Src\stm32f1xx_hal_rcc.o
                0x0000000008001b3c                HAL_RCC_GetSysClockFreq
 .text.HAL_RCC_GetHCLKFreq
                0x0000000008001c00       0x14 Drivers\STM32F1xx_HAL_Driver\Src\stm32f1xx_hal_rcc.o
                0x0000000008001c00                HAL_RCC_GetHCLKFreq
 .text.HAL_RCC_GetPCLK1Freq
                0x0000000008001c14       0x28 Drivers\STM32F1xx_HAL_Driver\Src\stm32f1xx_hal_rcc.o
                0x0000000008001c14                HAL_RCC_GetPCLK1Freq
 .text.HAL_RCC_GetPCLK2Freq
                0x0000000008001c3c       0x28 Drivers\STM32F1xx_HAL_Driver\Src\stm32f1xx_hal_rcc.o
                0x0000000008001c3c                HAL_RCC_GetPCLK2Freq
 .text.RCC_Delay
                0x0000000008001c64       0x3c Drivers\STM32F1xx_HAL_Driver\Src\stm32f1xx_hal_rcc.o
 .text.HAL_RCCEx_PeriphCLKConfig
                0x0000000008001ca0      0x16c Drivers\STM32F1xx_HAL_Driver\Src\stm32f1xx_hal_rcc_ex.o
                0x0000000008001ca0                HAL_RCCEx_PeriphCLKConfig
 .text.HAL_RCCEx_GetPeriphCLKFreq
                0x0000000008001e0c      0x180 Drivers\STM32F1xx_HAL_Driver\Src\stm32f1xx_hal_rcc_ex.o
                0x0000000008001e0c                HAL_RCCEx_GetPeriphCLKFreq
 .text.HAL_RTC_Init
                0x0000000008001f8c      0x12c Drivers\STM32F1xx_HAL_Driver\Src\stm32f1xx_hal_rtc.o
                0x0000000008001f8c                HAL_RTC_Init
 .text.HAL_RTC_SetTime
                0x00000000080020b8      0x12e Drivers\STM32F1xx_HAL_Driver\Src\stm32f1xx_hal_rtc.o
                0x00000000080020b8                HAL_RTC_SetTime
 *fill*         0x00000000080021e6        0x2 
 .text.HAL_RTC_GetTime
                0x00000000080021e8      0x1b0 Drivers\STM32F1xx_HAL_Driver\Src\stm32f1xx_hal_rtc.o
                0x00000000080021e8                HAL_RTC_GetTime
 .text.HAL_RTC_SetDate
                0x0000000008002398      0x16c Drivers\STM32F1xx_HAL_Driver\Src\stm32f1xx_hal_rtc.o
                0x0000000008002398                HAL_RTC_SetDate
 .text.HAL_RTC_SetAlarm_IT
                0x0000000008002504      0x168 Drivers\STM32F1xx_HAL_Driver\Src\stm32f1xx_hal_rtc.o
                0x0000000008002504                HAL_RTC_SetAlarm_IT
 .text.HAL_RTC_DeactivateAlarm
                0x000000000800266c       0xb8 Drivers\STM32F1xx_HAL_Driver\Src\stm32f1xx_hal_rtc.o
                0x000000000800266c                HAL_RTC_DeactivateAlarm
 .text.HAL_RTC_AlarmIRQHandler
                0x0000000008002724       0x50 Drivers\STM32F1xx_HAL_Driver\Src\stm32f1xx_hal_rtc.o
                0x0000000008002724                HAL_RTC_AlarmIRQHandler
 .text.HAL_RTC_WaitForSynchro
                0x0000000008002774       0x5a Drivers\STM32F1xx_HAL_Driver\Src\stm32f1xx_hal_rtc.o
                0x0000000008002774                HAL_RTC_WaitForSynchro
 .text.RTC_ReadTimeCounter
                0x00000000080027ce       0x60 Drivers\STM32F1xx_HAL_Driver\Src\stm32f1xx_hal_rtc.o
 .text.RTC_WriteTimeCounter
                0x000000000800282e       0x4e Drivers\STM32F1xx_HAL_Driver\Src\stm32f1xx_hal_rtc.o
 .text.RTC_ReadAlarmCounter
                0x000000000800287c       0x32 Drivers\STM32F1xx_HAL_Driver\Src\stm32f1xx_hal_rtc.o
 .text.RTC_WriteAlarmCounter
                0x00000000080028ae       0x4e Drivers\STM32F1xx_HAL_Driver\Src\stm32f1xx_hal_rtc.o
 .text.RTC_EnterInitMode
                0x00000000080028fc       0x50 Drivers\STM32F1xx_HAL_Driver\Src\stm32f1xx_hal_rtc.o
 .text.RTC_ExitInitMode
                0x000000000800294c       0x50 Drivers\STM32F1xx_HAL_Driver\Src\stm32f1xx_hal_rtc.o
 .text.RTC_ByteToBcd2
                0x000000000800299c       0x3a Drivers\STM32F1xx_HAL_Driver\Src\stm32f1xx_hal_rtc.o
 .text.RTC_Bcd2ToByte
                0x00000000080029d6       0x3a Drivers\STM32F1xx_HAL_Driver\Src\stm32f1xx_hal_rtc.o
 .text.RTC_DateUpdate
                0x0000000008002a10      0x152 Drivers\STM32F1xx_HAL_Driver\Src\stm32f1xx_hal_rtc.o
 *fill*         0x0000000008002b62        0x2 
 .text.RTC_IsLeapYear
                0x0000000008002b64       0x64 Drivers\STM32F1xx_HAL_Driver\Src\stm32f1xx_hal_rtc.o
 .text.RTC_WeekDayNum
                0x0000000008002bc8       0xf0 Drivers\STM32F1xx_HAL_Driver\Src\stm32f1xx_hal_rtc.o
 .text.HAL_RTCEx_SetSecond_IT
                0x0000000008002cb8       0x52 Drivers\STM32F1xx_HAL_Driver\Src\stm32f1xx_hal_rtc_ex.o
                0x0000000008002cb8                HAL_RTCEx_SetSecond_IT
 .text.HAL_RTCEx_RTCIRQHandler
                0x0000000008002d0a       0x68 Drivers\STM32F1xx_HAL_Driver\Src\stm32f1xx_hal_rtc_ex.o
                0x0000000008002d0a                HAL_RTCEx_RTCIRQHandler
 .text.HAL_RTCEx_RTCEventErrorCallback
                0x0000000008002d72       0x12 Drivers\STM32F1xx_HAL_Driver\Src\stm32f1xx_hal_rtc_ex.o
                0x0000000008002d72                HAL_RTCEx_RTCEventErrorCallback
 .text.HAL_TIM_Base_Init
                0x0000000008002d84       0x56 Drivers\STM32F1xx_HAL_Driver\Src\stm32f1xx_hal_tim.o
                0x0000000008002d84                HAL_TIM_Base_Init
 .text.HAL_TIM_Base_Start
                0x0000000008002dda       0x34 Drivers\STM32F1xx_HAL_Driver\Src\stm32f1xx_hal_tim.o
                0x0000000008002dda                HAL_TIM_Base_Start
 .text.HAL_TIM_Base_Start_IT
                0x0000000008002e0e       0x34 Drivers\STM32F1xx_HAL_Driver\Src\stm32f1xx_hal_tim.o
                0x0000000008002e0e                HAL_TIM_Base_Start_IT
 .text.HAL_TIM_OC_Init
                0x0000000008002e42       0x56 Drivers\STM32F1xx_HAL_Driver\Src\stm32f1xx_hal_tim.o
                0x0000000008002e42                HAL_TIM_OC_Init
 .text.HAL_TIM_OC_MspInit
                0x0000000008002e98       0x12 Drivers\STM32F1xx_HAL_Driver\Src\stm32f1xx_hal_tim.o
                0x0000000008002e98                HAL_TIM_OC_MspInit
 .text.HAL_TIM_PWM_Init
                0x0000000008002eaa       0x56 Drivers\STM32F1xx_HAL_Driver\Src\stm32f1xx_hal_tim.o
                0x0000000008002eaa                HAL_TIM_PWM_Init
 .text.HAL_TIM_PWM_MspInit
                0x0000000008002f00       0x12 Drivers\STM32F1xx_HAL_Driver\Src\stm32f1xx_hal_tim.o
                0x0000000008002f00                HAL_TIM_PWM_MspInit
 *fill*         0x0000000008002f12        0x2 
 .text.HAL_TIM_PWM_Start
                0x0000000008002f14       0x50 Drivers\STM32F1xx_HAL_Driver\Src\stm32f1xx_hal_tim.o
                0x0000000008002f14                HAL_TIM_PWM_Start
 .text.HAL_TIM_IRQHandler
                0x0000000008002f64      0x210 Drivers\STM32F1xx_HAL_Driver\Src\stm32f1xx_hal_tim.o
                0x0000000008002f64                HAL_TIM_IRQHandler
 .text.HAL_TIM_OC_ConfigChannel
                0x0000000008003174       0xc0 Drivers\STM32F1xx_HAL_Driver\Src\stm32f1xx_hal_tim.o
                0x0000000008003174                HAL_TIM_OC_ConfigChannel
 .text.HAL_TIM_PWM_ConfigChannel
                0x0000000008003234      0x18c Drivers\STM32F1xx_HAL_Driver\Src\stm32f1xx_hal_tim.o
                0x0000000008003234                HAL_TIM_PWM_ConfigChannel
 .text.HAL_TIM_ConfigClockSource
                0x00000000080033c0      0x1b6 Drivers\STM32F1xx_HAL_Driver\Src\stm32f1xx_hal_tim.o
                0x00000000080033c0                HAL_TIM_ConfigClockSource
 .text.HAL_TIM_PeriodElapsedCallback
                0x0000000008003576       0x12 Drivers\STM32F1xx_HAL_Driver\Src\stm32f1xx_hal_tim.o
                0x0000000008003576                HAL_TIM_PeriodElapsedCallback
 .text.HAL_TIM_OC_DelayElapsedCallback
                0x0000000008003588       0x12 Drivers\STM32F1xx_HAL_Driver\Src\stm32f1xx_hal_tim.o
                0x0000000008003588                HAL_TIM_OC_DelayElapsedCallback
 .text.HAL_TIM_IC_CaptureCallback
                0x000000000800359a       0x12 Drivers\STM32F1xx_HAL_Driver\Src\stm32f1xx_hal_tim.o
                0x000000000800359a                HAL_TIM_IC_CaptureCallback
 .text.HAL_TIM_PWM_PulseFinishedCallback
                0x00000000080035ac       0x12 Drivers\STM32F1xx_HAL_Driver\Src\stm32f1xx_hal_tim.o
                0x00000000080035ac                HAL_TIM_PWM_PulseFinishedCallback
 .text.HAL_TIM_TriggerCallback
                0x00000000080035be       0x12 Drivers\STM32F1xx_HAL_Driver\Src\stm32f1xx_hal_tim.o
                0x00000000080035be                HAL_TIM_TriggerCallback
 .text.TIM_Base_SetConfig
                0x00000000080035d0       0xcc Drivers\STM32F1xx_HAL_Driver\Src\stm32f1xx_hal_tim.o
                0x00000000080035d0                TIM_Base_SetConfig
 .text.TIM_OC1_SetConfig
                0x000000000800369c       0xd8 Drivers\STM32F1xx_HAL_Driver\Src\stm32f1xx_hal_tim.o
 .text.TIM_OC2_SetConfig
                0x0000000008003774       0xe0 Drivers\STM32F1xx_HAL_Driver\Src\stm32f1xx_hal_tim.o
                0x0000000008003774                TIM_OC2_SetConfig
 .text.TIM_OC3_SetConfig
                0x0000000008003854       0xe0 Drivers\STM32F1xx_HAL_Driver\Src\stm32f1xx_hal_tim.o
 .text.TIM_OC4_SetConfig
                0x0000000008003934       0xa8 Drivers\STM32F1xx_HAL_Driver\Src\stm32f1xx_hal_tim.o
 .text.TIM_TI1_ConfigInputStage
                0x00000000080039dc       0x64 Drivers\STM32F1xx_HAL_Driver\Src\stm32f1xx_hal_tim.o
 .text.TIM_TI2_ConfigInputStage
                0x0000000008003a40       0x66 Drivers\STM32F1xx_HAL_Driver\Src\stm32f1xx_hal_tim.o
 .text.TIM_ITRx_SetConfig
                0x0000000008003aa6       0x3e Drivers\STM32F1xx_HAL_Driver\Src\stm32f1xx_hal_tim.o
 .text.TIM_ETR_SetConfig
                0x0000000008003ae4       0x42 Drivers\STM32F1xx_HAL_Driver\Src\stm32f1xx_hal_tim.o
 .text.TIM_CCxChannelCmd
                0x0000000008003b26       0x44 Drivers\STM32F1xx_HAL_Driver\Src\stm32f1xx_hal_tim.o
                0x0000000008003b26                TIM_CCxChannelCmd
 .text.HAL_TIMEx_ConfigBreakDeadTime
                0x0000000008003b6a       0xb0 Drivers\STM32F1xx_HAL_Driver\Src\stm32f1xx_hal_tim_ex.o
                0x0000000008003b6a                HAL_TIMEx_ConfigBreakDeadTime
 .text.HAL_TIMEx_MasterConfigSynchronization
                0x0000000008003c1a       0x88 Drivers\STM32F1xx_HAL_Driver\Src\stm32f1xx_hal_tim_ex.o
                0x0000000008003c1a                HAL_TIMEx_MasterConfigSynchronization
 .text.HAL_TIMEx_CommutationCallback
                0x0000000008003ca2       0x12 Drivers\STM32F1xx_HAL_Driver\Src\stm32f1xx_hal_tim_ex.o
                0x0000000008003ca2                HAL_TIMEx_CommutationCallback
 .text.HAL_TIMEx_BreakCallback
                0x0000000008003cb4       0x12 Drivers\STM32F1xx_HAL_Driver\Src\stm32f1xx_hal_tim_ex.o
                0x0000000008003cb4                HAL_TIMEx_BreakCallback
 .text.HAL_UART_Init
                0x0000000008003cc6       0x9a Drivers\STM32F1xx_HAL_Driver\Src\stm32f1xx_hal_uart.o
                0x0000000008003cc6                HAL_UART_Init
 .text.HAL_UART_Transmit
                0x0000000008003d60      0x132 Drivers\STM32F1xx_HAL_Driver\Src\stm32f1xx_hal_uart.o
                0x0000000008003d60                HAL_UART_Transmit
 *fill*         0x0000000008003e92        0x2 
 .text.HAL_UART_Receive_DMA
                0x0000000008003e94      0x100 Drivers\STM32F1xx_HAL_Driver\Src\stm32f1xx_hal_uart.o
                0x0000000008003e94                HAL_UART_Receive_DMA
 .text.HAL_UART_IRQHandler
                0x0000000008003f94      0x1f8 Drivers\STM32F1xx_HAL_Driver\Src\stm32f1xx_hal_uart.o
                0x0000000008003f94                HAL_UART_IRQHandler
 .text.HAL_UART_TxCpltCallback
                0x000000000800418c       0x12 Drivers\STM32F1xx_HAL_Driver\Src\stm32f1xx_hal_uart.o
                0x000000000800418c                HAL_UART_TxCpltCallback
 .text.HAL_UART_RxHalfCpltCallback
                0x000000000800419e       0x12 Drivers\STM32F1xx_HAL_Driver\Src\stm32f1xx_hal_uart.o
                0x000000000800419e                HAL_UART_RxHalfCpltCallback
 .text.HAL_UART_ErrorCallback
                0x00000000080041b0       0x12 Drivers\STM32F1xx_HAL_Driver\Src\stm32f1xx_hal_uart.o
                0x00000000080041b0                HAL_UART_ErrorCallback
 .text.UART_DMAReceiveCplt
                0x00000000080041c2       0x68 Drivers\STM32F1xx_HAL_Driver\Src\stm32f1xx_hal_uart.o
 .text.UART_DMARxHalfCplt
                0x000000000800422a       0x1c Drivers\STM32F1xx_HAL_Driver\Src\stm32f1xx_hal_uart.o
 .text.UART_DMAError
                0x0000000008004246       0x94 Drivers\STM32F1xx_HAL_Driver\Src\stm32f1xx_hal_uart.o
 .text.UART_WaitOnFlagUntilTimeout
                0x00000000080042da       0x94 Drivers\STM32F1xx_HAL_Driver\Src\stm32f1xx_hal_uart.o
 .text.UART_EndTxTransfer
                0x000000000800436e       0x2a Drivers\STM32F1xx_HAL_Driver\Src\stm32f1xx_hal_uart.o
 .text.UART_EndRxTransfer
                0x0000000008004398       0x3a Drivers\STM32F1xx_HAL_Driver\Src\stm32f1xx_hal_uart.o
 .text.UART_DMAAbortOnError
                0x00000000080043d2       0x28 Drivers\STM32F1xx_HAL_Driver\Src\stm32f1xx_hal_uart.o
 .text.UART_Transmit_IT
                0x00000000080043fa       0xaa Drivers\STM32F1xx_HAL_Driver\Src\stm32f1xx_hal_uart.o
 .text.UART_EndTransmit_IT
                0x00000000080044a4       0x30 Drivers\STM32F1xx_HAL_Driver\Src\stm32f1xx_hal_uart.o
 .text.UART_Receive_IT
                0x00000000080044d4      0x102 Drivers\STM32F1xx_HAL_Driver\Src\stm32f1xx_hal_uart.o
 *fill*         0x00000000080045d6        0x2 
 .text.UART_SetConfig
                0x00000000080045d8      0x230 Drivers\STM32F1xx_HAL_Driver\Src\stm32f1xx_hal_uart.o
 .text.initAudio
                0x0000000008004808        0xc Src\Audio.o
                0x0000000008004808                initAudio
 .text.setMelody
                0x0000000008004814       0x20 Src\Audio.o
                0x0000000008004814                setMelody
 .text.getMelody
                0x0000000008004834       0x14 Src\Audio.o
                0x0000000008004834                getMelody
 .text.enableMelody
                0x0000000008004848       0x18 Src\Audio.o
                0x0000000008004848                enableMelody
 .text.disableMelody
                0x0000000008004860       0x18 Src\Audio.o
                0x0000000008004860                disableMelody
 .text.melodyEnabled
                0x0000000008004878       0x14 Src\Audio.o
                0x0000000008004878                melodyEnabled
 .text.initBluetooth
                0x000000000800488c       0x34 Src\Bluetooth.o
                0x000000000800488c                initBluetooth
 .text.bluetoothCmdParse
                0x00000000080048c0      0x1e4 Src\Bluetooth.o
                0x00000000080048c0                bluetoothCmdParse
 .text.HAL_UART_RxCpltCallback
                0x0000000008004aa4       0x2c Src\Bluetooth.o
                0x0000000008004aa4                HAL_UART_RxCpltCallback
 .text.printBT  0x0000000008004ad0       0x2c Src\Bluetooth.o
                0x0000000008004ad0                printBT
 .text.handleBluetoothCmd
                0x0000000008004afc       0x60 Src\Bluetooth.o
                0x0000000008004afc                handleBluetoothCmd
 .text.startBluetoothListener
                0x0000000008004b5c       0x1c Src\Bluetooth.o
                0x0000000008004b5c                startBluetoothListener
 .text.buttonUpdate
                0x0000000008004b78       0x18 Src\Button.o
                0x0000000008004b78                buttonUpdate
 .text.getButtonState
                0x0000000008004b90       0xac Src\Button.o
                0x0000000008004b90                getButtonState
 .text.handleButtonUpdate
                0x0000000008004c3c      0x140 Src\Button.o
                0x0000000008004c3c                handleButtonUpdate
 .text.initLCD  0x0000000008004d7c      0x270 Src\LCD.o
                0x0000000008004d7c                initLCD
 .text.clearLCD
                0x0000000008004fec       0x14 Src\LCD.o
                0x0000000008004fec                clearLCD
 .text.printLCD
                0x0000000008005000       0x9c Src\LCD.o
                0x0000000008005000                printLCD
 .text.printLCDCustomChar
                0x000000000800509c       0x7a Src\LCD.o
                0x000000000800509c                printLCDCustomChar
 *fill*         0x0000000008005116        0x2 
 .text.sendLCDCmd
                0x0000000008005118       0x98 Src\LCD.o
                0x0000000008005118                sendLCDCmd
 .text.sendLCDData
                0x00000000080051b0       0x9c Src\LCD.o
                0x00000000080051b0                sendLCDData
 .text.doBacklightOn
                0x000000000800524c       0x18 Src\LCD.o
                0x000000000800524c                doBacklightOn
 .text.doBacklightOff
                0x0000000008005264       0x18 Src\LCD.o
                0x0000000008005264                doBacklightOff
 .text.getBacklightState
                0x000000000800527c       0x14 Src\LCD.o
                0x000000000800527c                getBacklightState
 .text.initLight
                0x0000000008005290       0xbc Src\Light.o
                0x0000000008005290                initLight
 .text.startSunrise
                0x000000000800534c       0x50 Src\Light.o
                0x000000000800534c                startSunrise
 .text.stopSunrise
                0x000000000800539c       0x20 Src\Light.o
                0x000000000800539c                stopSunrise
 .text.setLEDColor
                0x00000000080053bc       0x64 Src\Light.o
                0x00000000080053bc                setLEDColor
 .text.handleSunrise
                0x0000000008005420      0x2b8 Src\Light.o
                0x0000000008005420                handleSunrise
 .text.getSunriseDurationMin
                0x00000000080056d8       0x14 Src\Light.o
                0x00000000080056d8                getSunriseDurationMin
 .text.setSunriseDurationMin
                0x00000000080056ec       0x2c Src\Light.o
                0x00000000080056ec                setSunriseDurationMin
 .text.doSunriseUpdate
                0x0000000008005718       0x24 Src\Light.o
                0x0000000008005718                doSunriseUpdate
 .text.HAL_RTCEx_RTCEventCallback
                0x000000000800573c       0x1c Src\Time.o
                0x000000000800573c                HAL_RTCEx_RTCEventCallback
 .text.HAL_RTC_AlarmAEventCallback
                0x0000000008005758       0x80 Src\Time.o
                0x0000000008005758                HAL_RTC_AlarmAEventCallback
 .text.delayUS  0x00000000080057d8       0x36 Src\Time.o
                0x00000000080057d8                delayUS
 *fill*         0x000000000800580e        0x2 
 .text.setTimeString
                0x0000000008005810       0xa0 Src\Time.o
                0x0000000008005810                setTimeString
 .text.setTime  0x00000000080058b0       0x40 Src\Time.o
                0x00000000080058b0                setTime
 .text.getHour  0x00000000080058f0       0x20 Src\Time.o
                0x00000000080058f0                getHour
 .text.getMinute
                0x0000000008005910       0x20 Src\Time.o
                0x0000000008005910                getMinute
 .text.getAlarmHour
                0x0000000008005930       0x14 Src\Time.o
                0x0000000008005930                getAlarmHour
 .text.getAlarmMinute
                0x0000000008005944       0x14 Src\Time.o
                0x0000000008005944                getAlarmMinute
 .text.getAlarmSecond
                0x0000000008005958       0x14 Src\Time.o
                0x0000000008005958                getAlarmSecond
 .text.getAlarmLightHour
                0x000000000800596c       0x14 Src\Time.o
                0x000000000800596c                getAlarmLightHour
 .text.getAlarmLightMinute
                0x0000000008005980       0x14 Src\Time.o
                0x0000000008005980                getAlarmLightMinute
 .text.setAlarm
                0x0000000008005994      0x1e0 Src\Time.o
                0x0000000008005994                setAlarm
 .text.resetAlarm
                0x0000000008005b74       0x4c Src\Time.o
                0x0000000008005b74                resetAlarm
 .text.initRTC  0x0000000008005bc0       0x44 Src\Time.o
                0x0000000008005bc0                initRTC
 .text.handleRTCTimeStep
                0x0000000008005c04       0xa4 Src\Time.o
                0x0000000008005c04                handleRTCTimeStep
 .text.drawTimeOnUI
                0x0000000008005ca8       0x48 Src\Time.o
                0x0000000008005ca8                drawTimeOnUI
 .text.drawAlarmTimeOnUI
                0x0000000008005cf0       0x80 Src\Time.o
                0x0000000008005cf0                drawAlarmTimeOnUI
 .text.getAlarmSetStatus
                0x0000000008005d70       0x14 Src\Time.o
                0x0000000008005d70                getAlarmSetStatus
 .text.getAudioAlarmStatus
                0x0000000008005d84       0x14 Src\Time.o
                0x0000000008005d84                getAudioAlarmStatus
 .text.getLightAlarmStatus
                0x0000000008005d98       0x14 Src\Time.o
                0x0000000008005d98                getLightAlarmStatus
 .text.getDismissedStatus
                0x0000000008005dac       0x14 Src\Time.o
                0x0000000008005dac                getDismissedStatus
 .text.dismissAlarm
                0x0000000008005dc0       0x18 Src\Time.o
                0x0000000008005dc0                dismissAlarm
 .text.initUI   0x0000000008005dd8       0x54 Src\UI.o
                0x0000000008005dd8                initUI
 .text.setUI    0x0000000008005e2c      0x278 Src\UI.o
                0x0000000008005e2c                setUI
 .text.handleUIUpdate
                0x00000000080060a4      0xc84 Src\UI.o
                0x00000000080060a4                handleUIUpdate
 .text.changeUI
                0x0000000008006d28       0x48 Src\UI.o
                0x0000000008006d28                changeUI
 .text.doUIUpdate10
                0x0000000008006d70       0x18 Src\UI.o
                0x0000000008006d70                doUIUpdate10
 .text.doUIUpdate500
                0x0000000008006d88       0x18 Src\UI.o
                0x0000000008006d88                doUIUpdate500
 .text.dismissAlarmOnUI
                0x0000000008006da0       0x5c Src\UI.o
                0x0000000008006da0                dismissAlarmOnUI
 .text.runAlarmClock
                0x0000000008006dfc       0xf8 Src\main.o
                0x0000000008006dfc                runAlarmClock
 .text.main     0x0000000008006ef4       0x32 Src\main.o
                0x0000000008006ef4                main
 .text.SystemClock_Config
                0x0000000008006f26       0xba Src\main.o
                0x0000000008006f26                SystemClock_Config
 .text.MX_I2C1_Init
                0x0000000008006fe0       0x5c Src\main.o
 .text.MX_RTC_Init
                0x000000000800703c       0x94 Src\main.o
 .text.MX_TIM1_Init
                0x00000000080070d0      0x180 Src\main.o
 .text.MX_TIM2_Init
                0x0000000008007250      0x118 Src\main.o
 .text.MX_TIM3_Init
                0x0000000008007368       0xec Src\main.o
 .text.MX_USART3_UART_Init
                0x0000000008007454       0x54 Src\main.o
 .text.MX_DMA_Init
                0x00000000080074a8       0x94 Src\main.o
 .text.MX_GPIO_Init
                0x000000000800753c      0x144 Src\main.o
 .text.Error_Handler
                0x0000000008007680        0xc Src\main.o
                0x0000000008007680                Error_Handler
 .text.HAL_MspInit
                0x000000000800768c       0x64 Src\stm32f1xx_hal_msp.o
                0x000000000800768c                HAL_MspInit
 .text.HAL_I2C_MspInit
                0x00000000080076f0       0xa0 Src\stm32f1xx_hal_msp.o
                0x00000000080076f0                HAL_I2C_MspInit
 .text.HAL_RTC_MspInit
                0x0000000008007790       0x58 Src\stm32f1xx_hal_msp.o
                0x0000000008007790                HAL_RTC_MspInit
 .text.HAL_TIM_Base_MspInit
                0x00000000080077e8       0x98 Src\stm32f1xx_hal_msp.o
                0x00000000080077e8                HAL_TIM_Base_MspInit
 .text.HAL_TIM_MspPostInit
                0x0000000008007880       0xa4 Src\stm32f1xx_hal_msp.o
                0x0000000008007880                HAL_TIM_MspPostInit
 .text.HAL_UART_MspInit
                0x0000000008007924       0xfc Src\stm32f1xx_hal_msp.o
                0x0000000008007924                HAL_UART_MspInit
 .text.resetBacklightCounter
                0x0000000008007a20       0x18 Src\stm32f1xx_it.o
                0x0000000008007a20                resetBacklightCounter
 .text.NMI_Handler
                0x0000000008007a38        0xc Src\stm32f1xx_it.o
                0x0000000008007a38                NMI_Handler
 .text.HardFault_Handler
                0x0000000008007a44        0x6 Src\stm32f1xx_it.o
                0x0000000008007a44                HardFault_Handler
 .text.MemManage_Handler
                0x0000000008007a4a        0x6 Src\stm32f1xx_it.o
                0x0000000008007a4a                MemManage_Handler
 .text.BusFault_Handler
                0x0000000008007a50        0x6 Src\stm32f1xx_it.o
                0x0000000008007a50                BusFault_Handler
 .text.UsageFault_Handler
                0x0000000008007a56        0x6 Src\stm32f1xx_it.o
                0x0000000008007a56                UsageFault_Handler
 .text.SVC_Handler
                0x0000000008007a5c        0xc Src\stm32f1xx_it.o
                0x0000000008007a5c                SVC_Handler
 .text.DebugMon_Handler
                0x0000000008007a68        0xc Src\stm32f1xx_it.o
                0x0000000008007a68                DebugMon_Handler
 .text.PendSV_Handler
                0x0000000008007a74        0xc Src\stm32f1xx_it.o
                0x0000000008007a74                PendSV_Handler
 .text.SysTick_Handler
                0x0000000008007a80        0xc Src\stm32f1xx_it.o
                0x0000000008007a80                SysTick_Handler
 .text.RTC_IRQHandler
                0x0000000008007a8c       0x18 Src\stm32f1xx_it.o
                0x0000000008007a8c                RTC_IRQHandler
 .text.DMA1_Channel1_IRQHandler
                0x0000000008007aa4       0x14 Src\stm32f1xx_it.o
                0x0000000008007aa4                DMA1_Channel1_IRQHandler
 .text.DMA1_Channel3_IRQHandler
                0x0000000008007ab8       0x14 Src\stm32f1xx_it.o
                0x0000000008007ab8                DMA1_Channel3_IRQHandler
 .text.TIM3_IRQHandler
                0x0000000008007acc       0xa8 Src\stm32f1xx_it.o
                0x0000000008007acc                TIM3_IRQHandler
 .text.USART3_IRQHandler
                0x0000000008007b74       0x14 Src\stm32f1xx_it.o
                0x0000000008007b74                USART3_IRQHandler
 .text._sbrk    0x0000000008007b88       0x58 Src\sysmem.o
                0x0000000008007b88                _sbrk
 .text.SystemInit
                0x0000000008007be0       0x68 Src\system_stm32f1xx.o
                0x0000000008007be0                SystemInit
 .text.Reset_Handler
                0x0000000008007c48       0x48 Startup\startup_stm32f103c8tx.o
                0x0000000008007c48                Reset_Handler
 .text.Default_Handler
                0x0000000008007c90        0x2 Startup\startup_stm32f103c8tx.o
                0x0000000008007c90                RTC_Alarm_IRQHandler
                0x0000000008007c90                EXTI2_IRQHandler
                0x0000000008007c90                TIM1_CC_IRQHandler
                0x0000000008007c90                PVD_IRQHandler
                0x0000000008007c90                EXTI3_IRQHandler
                0x0000000008007c90                EXTI0_IRQHandler
                0x0000000008007c90                I2C2_EV_IRQHandler
                0x0000000008007c90                ADC1_2_IRQHandler
                0x0000000008007c90                SPI1_IRQHandler
                0x0000000008007c90                TAMPER_IRQHandler
                0x0000000008007c90                DMA1_Channel4_IRQHandler
                0x0000000008007c90                DMA1_Channel7_IRQHandler
                0x0000000008007c90                CAN1_RX1_IRQHandler
                0x0000000008007c90                TIM4_IRQHandler
                0x0000000008007c90                I2C1_EV_IRQHandler
                0x0000000008007c90                DMA1_Channel6_IRQHandler
                0x0000000008007c90                RCC_IRQHandler
                0x0000000008007c90                TIM1_TRG_COM_IRQHandler
                0x0000000008007c90                Default_Handler
                0x0000000008007c90                EXTI15_10_IRQHandler
                0x0000000008007c90                EXTI9_5_IRQHandler
                0x0000000008007c90                SPI2_IRQHandler
                0x0000000008007c90                DMA1_Channel5_IRQHandler
                0x0000000008007c90                EXTI4_IRQHandler
                0x0000000008007c90                USB_LP_CAN1_RX0_IRQHandler
                0x0000000008007c90                USB_HP_CAN1_TX_IRQHandler
                0x0000000008007c90                TIM1_UP_IRQHandler
                0x0000000008007c90                WWDG_IRQHandler
                0x0000000008007c90                TIM2_IRQHandler
                0x0000000008007c90                TIM1_BRK_IRQHandler
                0x0000000008007c90                EXTI1_IRQHandler
                0x0000000008007c90                USART2_IRQHandler
                0x0000000008007c90                I2C2_ER_IRQHandler
                0x0000000008007c90                DMA1_Channel2_IRQHandler
                0x0000000008007c90                CAN1_SCE_IRQHandler
                0x0000000008007c90                FLASH_IRQHandler
                0x0000000008007c90                USART1_IRQHandler
                0x0000000008007c90                I2C1_ER_IRQHandler
                0x0000000008007c90                USBWakeUp_IRQHandler
 *fill*         0x0000000008007c92        0x2 
 .text.__errno  0x0000000008007c94        0xc c:/program files (x86)/stm/stm32cubeide_1.0.0/stm32cubeide/plugins/com.st.stm32cube.ide.mcu.externaltools.gnu-tools-for-stm32.7-2018-q2-update.win32_1.0.0.201904181610/tools/bin/../lib/gcc/arm-none-eabi/7.3.1/../../../../arm-none-eabi/lib/thumb/v7-m\libc_nano.a(lib_a-errno.o)
                0x0000000008007c94                __errno
 .text.__libc_init_array
                0x0000000008007ca0       0x48 c:/program files (x86)/stm/stm32cubeide_1.0.0/stm32cubeide/plugins/com.st.stm32cube.ide.mcu.externaltools.gnu-tools-for-stm32.7-2018-q2-update.win32_1.0.0.201904181610/tools/bin/../lib/gcc/arm-none-eabi/7.3.1/../../../../arm-none-eabi/lib/thumb/v7-m\libc_nano.a(lib_a-init.o)
                0x0000000008007ca0                __libc_init_array
 .text.memset   0x0000000008007ce8       0x10 c:/program files (x86)/stm/stm32cubeide_1.0.0/stm32cubeide/plugins/com.st.stm32cube.ide.mcu.externaltools.gnu-tools-for-stm32.7-2018-q2-update.win32_1.0.0.201904181610/tools/bin/../lib/gcc/arm-none-eabi/7.3.1/../../../../arm-none-eabi/lib/thumb/v7-m\libc_nano.a(lib_a-memset.o)
                0x0000000008007ce8                memset
 .text.sprintf  0x0000000008007cf8       0x40 c:/program files (x86)/stm/stm32cubeide_1.0.0/stm32cubeide/plugins/com.st.stm32cube.ide.mcu.externaltools.gnu-tools-for-stm32.7-2018-q2-update.win32_1.0.0.201904181610/tools/bin/../lib/gcc/arm-none-eabi/7.3.1/../../../../arm-none-eabi/lib/thumb/v7-m\libc_nano.a(lib_a-sprintf.o)
                0x0000000008007cf8                siprintf
                0x0000000008007cf8                sprintf
 .text.sscanf   0x0000000008007d38       0x54 c:/program files (x86)/stm/stm32cubeide_1.0.0/stm32cubeide/plugins/com.st.stm32cube.ide.mcu.externaltools.gnu-tools-for-stm32.7-2018-q2-update.win32_1.0.0.201904181610/tools/bin/../lib/gcc/arm-none-eabi/7.3.1/../../../../arm-none-eabi/lib/thumb/v7-m\libc_nano.a(lib_a-sscanf.o)
                0x0000000008007d38                siscanf
                0x0000000008007d38                sscanf
 .text.__seofread
                0x0000000008007d8c        0x4 c:/program files (x86)/stm/stm32cubeide_1.0.0/stm32cubeide/plugins/com.st.stm32cube.ide.mcu.externaltools.gnu-tools-for-stm32.7-2018-q2-update.win32_1.0.0.201904181610/tools/bin/../lib/gcc/arm-none-eabi/7.3.1/../../../../arm-none-eabi/lib/thumb/v7-m\libc_nano.a(lib_a-stdio.o)
                0x0000000008007d8c                __seofread
 .text.__ssputs_r
                0x0000000008007d90       0xb4 c:/program files (x86)/stm/stm32cubeide_1.0.0/stm32cubeide/plugins/com.st.stm32cube.ide.mcu.externaltools.gnu-tools-for-stm32.7-2018-q2-update.win32_1.0.0.201904181610/tools/bin/../lib/gcc/arm-none-eabi/7.3.1/../../../../arm-none-eabi/lib/thumb/v7-m\libc_nano.a(lib_a-nano-svfprintf.o)
                0x0000000008007d90                __ssputs_r
 .text._svfprintf_r
                0x0000000008007e44      0x1f0 c:/program files (x86)/stm/stm32cubeide_1.0.0/stm32cubeide/plugins/com.st.stm32cube.ide.mcu.externaltools.gnu-tools-for-stm32.7-2018-q2-update.win32_1.0.0.201904181610/tools/bin/../lib/gcc/arm-none-eabi/7.3.1/../../../../arm-none-eabi/lib/thumb/v7-m\libc_nano.a(lib_a-nano-svfprintf.o)
                0x0000000008007e44                _svfiprintf_r
                0x0000000008007e44                _svfprintf_r
 .text._sungetc_r
                0x0000000008008034       0x7a c:/program files (x86)/stm/stm32cubeide_1.0.0/stm32cubeide/plugins/com.st.stm32cube.ide.mcu.externaltools.gnu-tools-for-stm32.7-2018-q2-update.win32_1.0.0.201904181610/tools/bin/../lib/gcc/arm-none-eabi/7.3.1/../../../../arm-none-eabi/lib/thumb/v7-m\libc_nano.a(lib_a-nano-svfscanf.o)
                0x0000000008008034                _sungetc_r
 .text.__ssrefill_r
                0x00000000080080ae       0x3a c:/program files (x86)/stm/stm32cubeide_1.0.0/stm32cubeide/plugins/com.st.stm32cube.ide.mcu.externaltools.gnu-tools-for-stm32.7-2018-q2-update.win32_1.0.0.201904181610/tools/bin/../lib/gcc/arm-none-eabi/7.3.1/../../../../arm-none-eabi/lib/thumb/v7-m\libc_nano.a(lib_a-nano-svfscanf.o)
                0x00000000080080ae                __ssrefill_r
 .text.__ssvfscanf_r
                0x00000000080080e8      0x2a0 c:/program files (x86)/stm/stm32cubeide_1.0.0/stm32cubeide/plugins/com.st.stm32cube.ide.mcu.externaltools.gnu-tools-for-stm32.7-2018-q2-update.win32_1.0.0.201904181610/tools/bin/../lib/gcc/arm-none-eabi/7.3.1/../../../../arm-none-eabi/lib/thumb/v7-m\libc_nano.a(lib_a-nano-svfscanf.o)
                0x00000000080080e8                __ssvfiscanf_r
                0x00000000080080e8                __ssvfscanf_r
 .text._printf_common
                0x0000000008008388       0xec c:/program files (x86)/stm/stm32cubeide_1.0.0/stm32cubeide/plugins/com.st.stm32cube.ide.mcu.externaltools.gnu-tools-for-stm32.7-2018-q2-update.win32_1.0.0.201904181610/tools/bin/../lib/gcc/arm-none-eabi/7.3.1/../../../../arm-none-eabi/lib/thumb/v7-m\libc_nano.a(lib_a-nano-vfprintf_i.o)
                0x0000000008008388                _printf_common
 .text._printf_i
                0x0000000008008474      0x224 c:/program files (x86)/stm/stm32cubeide_1.0.0/stm32cubeide/plugins/com.st.stm32cube.ide.mcu.externaltools.gnu-tools-for-stm32.7-2018-q2-update.win32_1.0.0.201904181610/tools/bin/../lib/gcc/arm-none-eabi/7.3.1/../../../../arm-none-eabi/lib/thumb/v7-m\libc_nano.a(lib_a-nano-vfprintf_i.o)
                0x0000000008008474                _printf_i
 .text._scanf_chars
                0x0000000008008698       0xc4 c:/program files (x86)/stm/stm32cubeide_1.0.0/stm32cubeide/plugins/com.st.stm32cube.ide.mcu.externaltools.gnu-tools-for-stm32.7-2018-q2-update.win32_1.0.0.201904181610/tools/bin/../lib/gcc/arm-none-eabi/7.3.1/../../../../arm-none-eabi/lib/thumb/v7-m\libc_nano.a(lib_a-nano-vfscanf_i.o)
                0x0000000008008698                _scanf_chars
 .text._scanf_i
                0x000000000800875c      0x1ec c:/program files (x86)/stm/stm32cubeide_1.0.0/stm32cubeide/plugins/com.st.stm32cube.ide.mcu.externaltools.gnu-tools-for-stm32.7-2018-q2-update.win32_1.0.0.201904181610/tools/bin/../lib/gcc/arm-none-eabi/7.3.1/../../../../arm-none-eabi/lib/thumb/v7-m\libc_nano.a(lib_a-nano-vfscanf_i.o)
                0x000000000800875c                _scanf_i
 .text.__sccl   0x0000000008008948       0x62 c:/program files (x86)/stm/stm32cubeide_1.0.0/stm32cubeide/plugins/com.st.stm32cube.ide.mcu.externaltools.gnu-tools-for-stm32.7-2018-q2-update.win32_1.0.0.201904181610/tools/bin/../lib/gcc/arm-none-eabi/7.3.1/../../../../arm-none-eabi/lib/thumb/v7-m\libc_nano.a(lib_a-sccl.o)
                0x0000000008008948                __sccl
 .text._strtol_l.isra.0
                0x00000000080089aa       0xf6 c:/program files (x86)/stm/stm32cubeide_1.0.0/stm32cubeide/plugins/com.st.stm32cube.ide.mcu.externaltools.gnu-tools-for-stm32.7-2018-q2-update.win32_1.0.0.201904181610/tools/bin/../lib/gcc/arm-none-eabi/7.3.1/../../../../arm-none-eabi/lib/thumb/v7-m\libc_nano.a(lib_a-strtol.o)
 .text._strtol_r
                0x0000000008008aa0       0x24 c:/program files (x86)/stm/stm32cubeide_1.0.0/stm32cubeide/plugins/com.st.stm32cube.ide.mcu.externaltools.gnu-tools-for-stm32.7-2018-q2-update.win32_1.0.0.201904181610/tools/bin/../lib/gcc/arm-none-eabi/7.3.1/../../../../arm-none-eabi/lib/thumb/v7-m\libc_nano.a(lib_a-strtol.o)
                0x0000000008008aa0                _strtol_r
 .text._strtoul_l.isra.0
                0x0000000008008ac4       0xf4 c:/program files (x86)/stm/stm32cubeide_1.0.0/stm32cubeide/plugins/com.st.stm32cube.ide.mcu.externaltools.gnu-tools-for-stm32.7-2018-q2-update.win32_1.0.0.201904181610/tools/bin/../lib/gcc/arm-none-eabi/7.3.1/../../../../arm-none-eabi/lib/thumb/v7-m\libc_nano.a(lib_a-strtoul.o)
 .text._strtoul_r
                0x0000000008008bb8       0x24 c:/program files (x86)/stm/stm32cubeide_1.0.0/stm32cubeide/plugins/com.st.stm32cube.ide.mcu.externaltools.gnu-tools-for-stm32.7-2018-q2-update.win32_1.0.0.201904181610/tools/bin/../lib/gcc/arm-none-eabi/7.3.1/../../../../arm-none-eabi/lib/thumb/v7-m\libc_nano.a(lib_a-strtoul.o)
                0x0000000008008bb8                _strtoul_r
 .text.__submore
                0x0000000008008bdc       0x70 c:/program files (x86)/stm/stm32cubeide_1.0.0/stm32cubeide/plugins/com.st.stm32cube.ide.mcu.externaltools.gnu-tools-for-stm32.7-2018-q2-update.win32_1.0.0.201904181610/tools/bin/../lib/gcc/arm-none-eabi/7.3.1/../../../../arm-none-eabi/lib/thumb/v7-m\libc_nano.a(lib_a-ungetc.o)
                0x0000000008008bdc                __submore
 .text.__locale_ctype_ptr_l
                0x0000000008008c4c        0x6 c:/program files (x86)/stm/stm32cubeide_1.0.0/stm32cubeide/plugins/com.st.stm32cube.ide.mcu.externaltools.gnu-tools-for-stm32.7-2018-q2-update.win32_1.0.0.201904181610/tools/bin/../lib/gcc/arm-none-eabi/7.3.1/../../../../arm-none-eabi/lib/thumb/v7-m\libc_nano.a(lib_a-locale.o)
                0x0000000008008c4c                __locale_ctype_ptr_l
 *fill*         0x0000000008008c52        0x2 
 .text.__locale_ctype_ptr
                0x0000000008008c54       0x1c c:/program files (x86)/stm/stm32cubeide_1.0.0/stm32cubeide/plugins/com.st.stm32cube.ide.mcu.externaltools.gnu-tools-for-stm32.7-2018-q2-update.win32_1.0.0.201904181610/tools/bin/../lib/gcc/arm-none-eabi/7.3.1/../../../../arm-none-eabi/lib/thumb/v7-m\libc_nano.a(lib_a-locale.o)
                0x0000000008008c54                __locale_ctype_ptr
 .text.__ascii_mbtowc
                0x0000000008008c70       0x24 c:/program files (x86)/stm/stm32cubeide_1.0.0/stm32cubeide/plugins/com.st.stm32cube.ide.mcu.externaltools.gnu-tools-for-stm32.7-2018-q2-update.win32_1.0.0.201904181610/tools/bin/../lib/gcc/arm-none-eabi/7.3.1/../../../../arm-none-eabi/lib/thumb/v7-m\libc_nano.a(lib_a-mbtowc_r.o)
                0x0000000008008c70                __ascii_mbtowc
 .text.memchr   0x0000000008008c94       0x1c c:/program files (x86)/stm/stm32cubeide_1.0.0/stm32cubeide/plugins/com.st.stm32cube.ide.mcu.externaltools.gnu-tools-for-stm32.7-2018-q2-update.win32_1.0.0.201904181610/tools/bin/../lib/gcc/arm-none-eabi/7.3.1/../../../../arm-none-eabi/lib/thumb/v7-m\libc_nano.a(lib_a-memchr-stub.o)
                0x0000000008008c94                memchr
 .text.memcpy   0x0000000008008cb0       0x16 c:/program files (x86)/stm/stm32cubeide_1.0.0/stm32cubeide/plugins/com.st.stm32cube.ide.mcu.externaltools.gnu-tools-for-stm32.7-2018-q2-update.win32_1.0.0.201904181610/tools/bin/../lib/gcc/arm-none-eabi/7.3.1/../../../../arm-none-eabi/lib/thumb/v7-m\libc_nano.a(lib_a-memcpy-stub.o)
                0x0000000008008cb0                memcpy
 .text.memmove  0x0000000008008cc6       0x32 c:/program files (x86)/stm/stm32cubeide_1.0.0/stm32cubeide/plugins/com.st.stm32cube.ide.mcu.externaltools.gnu-tools-for-stm32.7-2018-q2-update.win32_1.0.0.201904181610/tools/bin/../lib/gcc/arm-none-eabi/7.3.1/../../../../arm-none-eabi/lib/thumb/v7-m\libc_nano.a(lib_a-memmove.o)
                0x0000000008008cc6                memmove
 .text._free_r  0x0000000008008cf8       0x98 c:/program files (x86)/stm/stm32cubeide_1.0.0/stm32cubeide/plugins/com.st.stm32cube.ide.mcu.externaltools.gnu-tools-for-stm32.7-2018-q2-update.win32_1.0.0.201904181610/tools/bin/../lib/gcc/arm-none-eabi/7.3.1/../../../../arm-none-eabi/lib/thumb/v7-m\libc_nano.a(lib_a-nano-freer.o)
                0x0000000008008cf8                _free_r
 .text._malloc_r
                0x0000000008008d90       0xb4 c:/program files (x86)/stm/stm32cubeide_1.0.0/stm32cubeide/plugins/com.st.stm32cube.ide.mcu.externaltools.gnu-tools-for-stm32.7-2018-q2-update.win32_1.0.0.201904181610/tools/bin/../lib/gcc/arm-none-eabi/7.3.1/../../../../arm-none-eabi/lib/thumb/v7-m\libc_nano.a(lib_a-nano-mallocr.o)
                0x0000000008008d90                _malloc_r
 .text._realloc_r
                0x0000000008008e44       0x4c c:/program files (x86)/stm/stm32cubeide_1.0.0/stm32cubeide/plugins/com.st.stm32cube.ide.mcu.externaltools.gnu-tools-for-stm32.7-2018-q2-update.win32_1.0.0.201904181610/tools/bin/../lib/gcc/arm-none-eabi/7.3.1/../../../../arm-none-eabi/lib/thumb/v7-m\libc_nano.a(lib_a-nano-reallocr.o)
                0x0000000008008e44                _realloc_r
 .text._sbrk_r  0x0000000008008e90       0x20 c:/program files (x86)/stm/stm32cubeide_1.0.0/stm32cubeide/plugins/com.st.stm32cube.ide.mcu.externaltools.gnu-tools-for-stm32.7-2018-q2-update.win32_1.0.0.201904181610/tools/bin/../lib/gcc/arm-none-eabi/7.3.1/../../../../arm-none-eabi/lib/thumb/v7-m\libc_nano.a(lib_a-sbrkr.o)
                0x0000000008008e90                _sbrk_r
 .text.__ascii_wctomb
                0x0000000008008eb0       0x1a c:/program files (x86)/stm/stm32cubeide_1.0.0/stm32cubeide/plugins/com.st.stm32cube.ide.mcu.externaltools.gnu-tools-for-stm32.7-2018-q2-update.win32_1.0.0.201904181610/tools/bin/../lib/gcc/arm-none-eabi/7.3.1/../../../../arm-none-eabi/lib/thumb/v7-m\libc_nano.a(lib_a-wctomb_r.o)
                0x0000000008008eb0                __ascii_wctomb
 .text.__malloc_lock
                0x0000000008008eca        0x2 c:/program files (x86)/stm/stm32cubeide_1.0.0/stm32cubeide/plugins/com.st.stm32cube.ide.mcu.externaltools.gnu-tools-for-stm32.7-2018-q2-update.win32_1.0.0.201904181610/tools/bin/../lib/gcc/arm-none-eabi/7.3.1/../../../../arm-none-eabi/lib/thumb/v7-m\libc_nano.a(lib_a-mlock.o)
                0x0000000008008eca                __malloc_lock
 .text.__malloc_unlock
                0x0000000008008ecc        0x2 c:/program files (x86)/stm/stm32cubeide_1.0.0/stm32cubeide/plugins/com.st.stm32cube.ide.mcu.externaltools.gnu-tools-for-stm32.7-2018-q2-update.win32_1.0.0.201904181610/tools/bin/../lib/gcc/arm-none-eabi/7.3.1/../../../../arm-none-eabi/lib/thumb/v7-m\libc_nano.a(lib_a-mlock.o)
                0x0000000008008ecc                __malloc_unlock
 .text._malloc_usable_size_r
                0x0000000008008ece       0x10 c:/program files (x86)/stm/stm32cubeide_1.0.0/stm32cubeide/plugins/com.st.stm32cube.ide.mcu.externaltools.gnu-tools-for-stm32.7-2018-q2-update.win32_1.0.0.201904181610/tools/bin/../lib/gcc/arm-none-eabi/7.3.1/../../../../arm-none-eabi/lib/thumb/v7-m\libc_nano.a(lib_a-nano-msizer.o)
                0x0000000008008ece                _malloc_usable_size_r
 *(.glue_7)
 .glue_7        0x0000000008008ede        0x0 linker stubs
 *(.glue_7t)
 .glue_7t       0x0000000008008ede        0x0 linker stubs
 *(.eh_frame)
 *fill*         0x0000000008008ede        0x2 
 .eh_frame      0x0000000008008ee0        0x0 c:/program files (x86)/stm/stm32cubeide_1.0.0/stm32cubeide/plugins/com.st.stm32cube.ide.mcu.externaltools.gnu-tools-for-stm32.7-2018-q2-update.win32_1.0.0.201904181610/tools/bin/../lib/gcc/arm-none-eabi/7.3.1/thumb/v7-m/crtbegin.o
 *(.init)
 .init          0x0000000008008ee0        0x4 c:/program files (x86)/stm/stm32cubeide_1.0.0/stm32cubeide/plugins/com.st.stm32cube.ide.mcu.externaltools.gnu-tools-for-stm32.7-2018-q2-update.win32_1.0.0.201904181610/tools/bin/../lib/gcc/arm-none-eabi/7.3.1/thumb/v7-m/crti.o
                0x0000000008008ee0                _init
 .init          0x0000000008008ee4        0x8 c:/program files (x86)/stm/stm32cubeide_1.0.0/stm32cubeide/plugins/com.st.stm32cube.ide.mcu.externaltools.gnu-tools-for-stm32.7-2018-q2-update.win32_1.0.0.201904181610/tools/bin/../lib/gcc/arm-none-eabi/7.3.1/thumb/v7-m/crtn.o
 *(.fini)
 .fini          0x0000000008008eec        0x4 c:/program files (x86)/stm/stm32cubeide_1.0.0/stm32cubeide/plugins/com.st.stm32cube.ide.mcu.externaltools.gnu-tools-for-stm32.7-2018-q2-update.win32_1.0.0.201904181610/tools/bin/../lib/gcc/arm-none-eabi/7.3.1/thumb/v7-m/crti.o
                0x0000000008008eec                _fini
 .fini          0x0000000008008ef0        0x8 c:/program files (x86)/stm/stm32cubeide_1.0.0/stm32cubeide/plugins/com.st.stm32cube.ide.mcu.externaltools.gnu-tools-for-stm32.7-2018-q2-update.win32_1.0.0.201904181610/tools/bin/../lib/gcc/arm-none-eabi/7.3.1/thumb/v7-m/crtn.o
                0x0000000008008ef8                . = ALIGN (0x4)
                0x0000000008008ef8                _etext = .

.vfp11_veneer   0x0000000008008ef8        0x0
 .vfp11_veneer  0x0000000008008ef8        0x0 linker stubs

.v4_bx          0x0000000008008ef8        0x0
 .v4_bx         0x0000000008008ef8        0x0 linker stubs

.iplt           0x0000000008008ef8        0x0
 .iplt          0x0000000008008ef8        0x0 c:/program files (x86)/stm/stm32cubeide_1.0.0/stm32cubeide/plugins/com.st.stm32cube.ide.mcu.externaltools.gnu-tools-for-stm32.7-2018-q2-update.win32_1.0.0.201904181610/tools/bin/../lib/gcc/arm-none-eabi/7.3.1/thumb/v7-m/crtbegin.o

.rodata         0x0000000008008ef8      0x4f4
                0x0000000008008ef8                . = ALIGN (0x4)
 *(.rodata)
 .rodata        0x0000000008008ef8       0x12 Drivers\STM32F1xx_HAL_Driver\Src\stm32f1xx_hal_rcc.o
 *fill*         0x0000000008008f0a        0x2 
 .rodata        0x0000000008008f0c       0x12 Drivers\STM32F1xx_HAL_Driver\Src\stm32f1xx_hal_rcc_ex.o
 *fill*         0x0000000008008f1e        0x2 
 .rodata        0x0000000008008f20       0x14 Src\Bluetooth.o
 .rodata        0x0000000008008f34       0xb8 Src\Time.o
 .rodata        0x0000000008008fec      0x1aa Src\UI.o
 *fill*         0x0000000008009196        0x2 
 .rodata        0x0000000008009198       0x74 Src\main.o
 .rodata        0x000000000800920c        0xc c:/program files (x86)/stm/stm32cubeide_1.0.0/stm32cubeide/plugins/com.st.stm32cube.ide.mcu.externaltools.gnu-tools-for-stm32.7-2018-q2-update.win32_1.0.0.201904181610/tools/bin/../lib/gcc/arm-none-eabi/7.3.1/../../../../arm-none-eabi/lib/thumb/v7-m\libc_nano.a(lib_a-nano-vfscanf_i.o)
 *(.rodata*)
 .rodata.AHBPrescTable
                0x0000000008009218       0x10 Src\system_stm32f1xx.o
                0x0000000008009218                AHBPrescTable
 .rodata.APBPrescTable
                0x0000000008009228        0x8 Src\system_stm32f1xx.o
                0x0000000008009228                APBPrescTable
 .rodata._svfprintf_r.str1.1
                0x0000000008009230       0x11 c:/program files (x86)/stm/stm32cubeide_1.0.0/stm32cubeide/plugins/com.st.stm32cube.ide.mcu.externaltools.gnu-tools-for-stm32.7-2018-q2-update.win32_1.0.0.201904181610/tools/bin/../lib/gcc/arm-none-eabi/7.3.1/../../../../arm-none-eabi/lib/thumb/v7-m\libc_nano.a(lib_a-nano-svfprintf.o)
 .rodata.__ssvfscanf_r.str1.1
                0x0000000008009241        0x4 c:/program files (x86)/stm/stm32cubeide_1.0.0/stm32cubeide/plugins/com.st.stm32cube.ide.mcu.externaltools.gnu-tools-for-stm32.7-2018-q2-update.win32_1.0.0.201904181610/tools/bin/../lib/gcc/arm-none-eabi/7.3.1/../../../../arm-none-eabi/lib/thumb/v7-m\libc_nano.a(lib_a-nano-svfscanf.o)
 .rodata._printf_i.str1.1
                0x0000000008009241       0x22 c:/program files (x86)/stm/stm32cubeide_1.0.0/stm32cubeide/plugins/com.st.stm32cube.ide.mcu.externaltools.gnu-tools-for-stm32.7-2018-q2-update.win32_1.0.0.201904181610/tools/bin/../lib/gcc/arm-none-eabi/7.3.1/../../../../arm-none-eabi/lib/thumb/v7-m\libc_nano.a(lib_a-nano-vfprintf_i.o)
 .rodata._scanf_i.str1.1
                0x0000000008009263       0x12 c:/program files (x86)/stm/stm32cubeide_1.0.0/stm32cubeide/plugins/com.st.stm32cube.ide.mcu.externaltools.gnu-tools-for-stm32.7-2018-q2-update.win32_1.0.0.201904181610/tools/bin/../lib/gcc/arm-none-eabi/7.3.1/../../../../arm-none-eabi/lib/thumb/v7-m\libc_nano.a(lib_a-nano-vfscanf_i.o)
 .rodata.str1.1
                0x0000000008009275        0x9 c:/program files (x86)/stm/stm32cubeide_1.0.0/stm32cubeide/plugins/com.st.stm32cube.ide.mcu.externaltools.gnu-tools-for-stm32.7-2018-q2-update.win32_1.0.0.201904181610/tools/bin/../lib/gcc/arm-none-eabi/7.3.1/../../../../arm-none-eabi/lib/thumb/v7-m\libc_nano.a(lib_a-nano-vfscanf_i.o)
 *fill*         0x000000000800927e        0x2 
 .rodata.__sf_fake_stderr
                0x0000000008009280       0x20 c:/program files (x86)/stm/stm32cubeide_1.0.0/stm32cubeide/plugins/com.st.stm32cube.ide.mcu.externaltools.gnu-tools-for-stm32.7-2018-q2-update.win32_1.0.0.201904181610/tools/bin/../lib/gcc/arm-none-eabi/7.3.1/../../../../arm-none-eabi/lib/thumb/v7-m\libc_nano.a(lib_a-findfp.o)
                0x0000000008009280                __sf_fake_stderr
 .rodata.__sf_fake_stdin
                0x00000000080092a0       0x20 c:/program files (x86)/stm/stm32cubeide_1.0.0/stm32cubeide/plugins/com.st.stm32cube.ide.mcu.externaltools.gnu-tools-for-stm32.7-2018-q2-update.win32_1.0.0.201904181610/tools/bin/../lib/gcc/arm-none-eabi/7.3.1/../../../../arm-none-eabi/lib/thumb/v7-m\libc_nano.a(lib_a-findfp.o)
                0x00000000080092a0                __sf_fake_stdin
 .rodata.__sf_fake_stdout
                0x00000000080092c0       0x20 c:/program files (x86)/stm/stm32cubeide_1.0.0/stm32cubeide/plugins/com.st.stm32cube.ide.mcu.externaltools.gnu-tools-for-stm32.7-2018-q2-update.win32_1.0.0.201904181610/tools/bin/../lib/gcc/arm-none-eabi/7.3.1/../../../../arm-none-eabi/lib/thumb/v7-m\libc_nano.a(lib_a-findfp.o)
                0x00000000080092c0                __sf_fake_stdout
 .rodata._setlocale_r.str1.1
                0x00000000080092e0        0x8 c:/program files (x86)/stm/stm32cubeide_1.0.0/stm32cubeide/plugins/com.st.stm32cube.ide.mcu.externaltools.gnu-tools-for-stm32.7-2018-q2-update.win32_1.0.0.201904181610/tools/bin/../lib/gcc/arm-none-eabi/7.3.1/../../../../arm-none-eabi/lib/thumb/v7-m\libc_nano.a(lib_a-locale.o)
                                          0x9 (size before relaxing)
 .rodata.str1.1
                0x00000000080092e8        0x2 c:/program files (x86)/stm/stm32cubeide_1.0.0/stm32cubeide/plugins/com.st.stm32cube.ide.mcu.externaltools.gnu-tools-for-stm32.7-2018-q2-update.win32_1.0.0.201904181610/tools/bin/../lib/gcc/arm-none-eabi/7.3.1/../../../../arm-none-eabi/lib/thumb/v7-m\libc_nano.a(lib_a-locale.o)
 .rodata._ctype_
                0x00000000080092ea      0x101 c:/program files (x86)/stm/stm32cubeide_1.0.0/stm32cubeide/plugins/com.st.stm32cube.ide.mcu.externaltools.gnu-tools-for-stm32.7-2018-q2-update.win32_1.0.0.201904181610/tools/bin/../lib/gcc/arm-none-eabi/7.3.1/../../../../arm-none-eabi/lib/thumb/v7-m\libc_nano.a(lib_a-ctype_.o)
                0x00000000080092ea                _ctype_
                0x00000000080093ec                . = ALIGN (0x4)
 *fill*         0x00000000080093eb        0x1 

.rel.dyn        0x00000000080093ec        0x0
 .rel.iplt      0x00000000080093ec        0x0 c:/program files (x86)/stm/stm32cubeide_1.0.0/stm32cubeide/plugins/com.st.stm32cube.ide.mcu.externaltools.gnu-tools-for-stm32.7-2018-q2-update.win32_1.0.0.201904181610/tools/bin/../lib/gcc/arm-none-eabi/7.3.1/thumb/v7-m/crtbegin.o

.ARM.extab      0x00000000080093ec        0x0
                0x00000000080093ec                . = ALIGN (0x4)
 *(.ARM.extab* .gnu.linkonce.armextab.*)
                0x00000000080093ec                . = ALIGN (0x4)

.ARM            0x00000000080093ec        0x0
                0x00000000080093ec                . = ALIGN (0x4)
                0x00000000080093ec                __exidx_start = .
 *(.ARM.exidx*)
                0x00000000080093ec                __exidx_end = .
                0x00000000080093ec                . = ALIGN (0x4)

.preinit_array  0x00000000080093ec        0x0
                0x00000000080093ec                . = ALIGN (0x4)
                0x00000000080093ec                PROVIDE (__preinit_array_start = .)
 *(.preinit_array*)
                0x00000000080093ec                PROVIDE (__preinit_array_end = .)
                0x00000000080093ec                . = ALIGN (0x4)

.init_array     0x00000000080093ec        0x4
                0x00000000080093ec                . = ALIGN (0x4)
                0x00000000080093ec                PROVIDE (__init_array_start = .)
 *(SORT_BY_NAME(.init_array.*))
 *(.init_array*)
 .init_array    0x00000000080093ec        0x4 c:/program files (x86)/stm/stm32cubeide_1.0.0/stm32cubeide/plugins/com.st.stm32cube.ide.mcu.externaltools.gnu-tools-for-stm32.7-2018-q2-update.win32_1.0.0.201904181610/tools/bin/../lib/gcc/arm-none-eabi/7.3.1/thumb/v7-m/crtbegin.o
                0x00000000080093f0                PROVIDE (__init_array_end = .)
                0x00000000080093f0                . = ALIGN (0x4)

.fini_array     0x00000000080093f0        0x4
                0x00000000080093f0                . = ALIGN (0x4)
                [!provide]                        PROVIDE (__fini_array_start = .)
 *(SORT_BY_NAME(.fini_array.*))
 *(.fini_array*)
 .fini_array    0x00000000080093f0        0x4 c:/program files (x86)/stm/stm32cubeide_1.0.0/stm32cubeide/plugins/com.st.stm32cube.ide.mcu.externaltools.gnu-tools-for-stm32.7-2018-q2-update.win32_1.0.0.201904181610/tools/bin/../lib/gcc/arm-none-eabi/7.3.1/thumb/v7-m/crtbegin.o
                [!provide]                        PROVIDE (__fini_array_end = .)
                0x00000000080093f4                . = ALIGN (0x4)
                0x00000000080093f4                _sidata = LOADADDR (.data)

.data           0x0000000020000000      0x1e0 load address 0x00000000080093f4
                0x0000000020000000                . = ALIGN (0x4)
                0x0000000020000000                _sdata = .
 *(.data)
 *(.data*)
 .data.uwTickPrio
                0x0000000020000000        0x4 Drivers\STM32F1xx_HAL_Driver\Src\stm32f1xx_hal.o
                0x0000000020000000                uwTickPrio
 .data.uwTickFreq
                0x0000000020000004        0x1 Drivers\STM32F1xx_HAL_Driver\Src\stm32f1xx_hal.o
                0x0000000020000004                uwTickFreq
 .data.melodyEnable
                0x0000000020000005        0x1 Src\Audio.o
                0x0000000020000005                melodyEnable
 .data.lcdBacklight
                0x0000000020000006        0x1 Src\LCD.o
                0x0000000020000006                lcdBacklight
 .data.sunriseDurationMin
                0x0000000020000007        0x1 Src\Light.o
                0x0000000020000007                sunriseDurationMin
 .data.alarmDismissed
                0x0000000020000008        0x1 Src\Time.o
                0x0000000020000008                alarmDismissed
 .data.lightAlarmSecond
                0x0000000020000009        0x1 Src\Time.o
                0x0000000020000009                lightAlarmSecond
 .data.audioAlarmSecond
                0x000000002000000a        0x1 Src\Time.o
                0x000000002000000a                audioAlarmSecond
 .data.firstAlarm
                0x000000002000000b        0x1 Src\Time.o
                0x000000002000000b                firstAlarm
 .data.SystemCoreClock
                0x000000002000000c        0x4 Src\system_stm32f1xx.o
                0x000000002000000c                SystemCoreClock
 .data._impure_ptr
                0x0000000020000010        0x4 c:/program files (x86)/stm/stm32cubeide_1.0.0/stm32cubeide/plugins/com.st.stm32cube.ide.mcu.externaltools.gnu-tools-for-stm32.7-2018-q2-update.win32_1.0.0.201904181610/tools/bin/../lib/gcc/arm-none-eabi/7.3.1/../../../../arm-none-eabi/lib/thumb/v7-m\libc_nano.a(lib_a-impure.o)
                0x0000000020000010                _impure_ptr
 .data.impure_data
                0x0000000020000014       0x60 c:/program files (x86)/stm/stm32cubeide_1.0.0/stm32cubeide/plugins/com.st.stm32cube.ide.mcu.externaltools.gnu-tools-for-stm32.7-2018-q2-update.win32_1.0.0.201904181610/tools/bin/../lib/gcc/arm-none-eabi/7.3.1/../../../../arm-none-eabi/lib/thumb/v7-m\libc_nano.a(lib_a-impure.o)
 .data.__global_locale
                0x0000000020000074      0x16c c:/program files (x86)/stm/stm32cubeide_1.0.0/stm32cubeide/plugins/com.st.stm32cube.ide.mcu.externaltools.gnu-tools-for-stm32.7-2018-q2-update.win32_1.0.0.201904181610/tools/bin/../lib/gcc/arm-none-eabi/7.3.1/../../../../arm-none-eabi/lib/thumb/v7-m\libc_nano.a(lib_a-locale.o)
                0x0000000020000074                __global_locale
                0x00000000200001e0                . = ALIGN (0x4)
                0x00000000200001e0                _edata = .

.igot.plt       0x00000000200001e0        0x0 load address 0x00000000080095d4
 .igot.plt      0x00000000200001e0        0x0 c:/program files (x86)/stm/stm32cubeide_1.0.0/stm32cubeide/plugins/com.st.stm32cube.ide.mcu.externaltools.gnu-tools-for-stm32.7-2018-q2-update.win32_1.0.0.201904181610/tools/bin/../lib/gcc/arm-none-eabi/7.3.1/thumb/v7-m/crtbegin.o
                0x00000000200001e0                . = ALIGN (0x4)

.bss            0x00000000200001e0      0x414 load address 0x00000000080095d4
                0x00000000200001e0                _sbss = .
                0x00000000200001e0                __bss_start__ = _sbss
 *(.bss)
 .bss           0x00000000200001e0       0x1c c:/program files (x86)/stm/stm32cubeide_1.0.0/stm32cubeide/plugins/com.st.stm32cube.ide.mcu.externaltools.gnu-tools-for-stm32.7-2018-q2-update.win32_1.0.0.201904181610/tools/bin/../lib/gcc/arm-none-eabi/7.3.1/thumb/v7-m/crtbegin.o
 *(.bss*)
 .bss.melody    0x00000000200001fc        0x1 Src\Audio.o
                0x00000000200001fc                melody
 *fill*         0x00000000200001fd        0x3 
 .bss.command   0x0000000020000200       0x1e Src\Bluetooth.o
                0x0000000020000200                command
 .bss.command_ready
                0x000000002000021e        0x1 Src\Bluetooth.o
                0x000000002000021e                command_ready
 .bss.buttonUpdateReady
                0x000000002000021f        0x1 Src\Button.o
                0x000000002000021f                buttonUpdateReady
 .bss.lcdBusy   0x0000000020000220        0x1 Src\LCD.o
                0x0000000020000220                lcdBusy
 .bss.sunriseUpdateReady
                0x0000000020000221        0x1 Src\Light.o
                0x0000000020000221                sunriseUpdateReady
 *fill*         0x0000000020000222        0x2 
 .bss.sunrise100msCounter
                0x0000000020000224        0x4 Src\Light.o
                0x0000000020000224                sunrise100msCounter
 .bss.newSecondEvent
                0x0000000020000228        0x1 Src\Time.o
                0x0000000020000228                newSecondEvent
 .bss.lightAlarmTriggered
                0x0000000020000229        0x1 Src\Time.o
                0x0000000020000229                lightAlarmTriggered
 .bss.audioAlarmTriggered
                0x000000002000022a        0x1 Src\Time.o
                0x000000002000022a                audioAlarmTriggered
 .bss.lightAlarmHour
                0x000000002000022b        0x1 Src\Time.o
                0x000000002000022b                lightAlarmHour
 .bss.lightAlarmMinute
                0x000000002000022c        0x1 Src\Time.o
                0x000000002000022c                lightAlarmMinute
 .bss.audioAlarmHour
                0x000000002000022d        0x1 Src\Time.o
                0x000000002000022d                audioAlarmHour
 .bss.audioAlarmMinute
                0x000000002000022e        0x1 Src\Time.o
                0x000000002000022e                audioAlarmMinute
 .bss.alarmSet  0x000000002000022f        0x1 Src\Time.o
                0x000000002000022f                alarmSet
 .bss.interval_500ms_UI
                0x0000000020000230        0x1 Src\UI.o
                0x0000000020000230                interval_500ms_UI
 .bss.interval_10ms_UI
                0x0000000020000231        0x1 Src\UI.o
                0x0000000020000231                interval_10ms_UI
 .bss.current_UI
                0x0000000020000232        0x1 Src\UI.o
                0x0000000020000232                current_UI
 .bss.UIsubCount
                0x0000000020000233        0x1 Src\UI.o
                0x0000000020000233                UIsubCount
 .bss.timePicker_hourTens
                0x0000000020000234        0x1 Src\UI.o
                0x0000000020000234                timePicker_hourTens
 .bss.timePicker_hourOnes
                0x0000000020000235        0x1 Src\UI.o
                0x0000000020000235                timePicker_hourOnes
 .bss.timePicker_minuteTens
                0x0000000020000236        0x1 Src\UI.o
                0x0000000020000236                timePicker_minuteTens
 .bss.timePicker_minuteOnes
                0x0000000020000237        0x1 Src\UI.o
                0x0000000020000237                timePicker_minuteOnes
 .bss.newTimePickerValue
                0x0000000020000238        0x1 Src\UI.o
                0x0000000020000238                newTimePickerValue
 .bss.currentNumberInput
                0x0000000020000239        0x1 Src\UI.o
                0x0000000020000239                currentNumberInput
 *fill*         0x000000002000023a        0x2 
 .bss.local_blink.7642
                0x000000002000023c        0x4 Src\UI.o
 .bss.sunriseCounter.7692
                0x0000000020000240        0x4 Src\stm32f1xx_it.o
 .bss.buttonCounter.7693
                0x0000000020000244        0x4 Src\stm32f1xx_it.o
 .bss.UIcounter.7694
                0x0000000020000248        0x4 Src\stm32f1xx_it.o
 .bss.heap_end.5149
                0x000000002000024c        0x4 Src\sysmem.o
 .bss.__malloc_free_list
                0x0000000020000250        0x4 c:/program files (x86)/stm/stm32cubeide_1.0.0/stm32cubeide/plugins/com.st.stm32cube.ide.mcu.externaltools.gnu-tools-for-stm32.7-2018-q2-update.win32_1.0.0.201904181610/tools/bin/../lib/gcc/arm-none-eabi/7.3.1/../../../../arm-none-eabi/lib/thumb/v7-m\libc_nano.a(lib_a-nano-mallocr.o)
                0x0000000020000250                __malloc_free_list
 .bss.__malloc_sbrk_start
                0x0000000020000254        0x4 c:/program files (x86)/stm/stm32cubeide_1.0.0/stm32cubeide/plugins/com.st.stm32cube.ide.mcu.externaltools.gnu-tools-for-stm32.7-2018-q2-update.win32_1.0.0.201904181610/tools/bin/../lib/gcc/arm-none-eabi/7.3.1/../../../../arm-none-eabi/lib/thumb/v7-m\libc_nano.a(lib_a-nano-mallocr.o)
                0x0000000020000254                __malloc_sbrk_start
 *(COMMON)
 COMMON         0x0000000020000258        0x4 Drivers\STM32F1xx_HAL_Driver\Src\stm32f1xx_hal.o
                0x0000000020000258                uwTick
 COMMON         0x000000002000025c       0x60 Src\Bluetooth.o
                0x000000002000025c                bluetooth_data
                0x000000002000027c                huartBT
 COMMON         0x00000000200002bc        0xc Src\Button.o
                0x00000000200002bc                button4State_old
                0x00000000200002bd                button2State
                0x00000000200002be                button4Pressed
                0x00000000200002bf                button3State_old
                0x00000000200002c0                button2State_old
                0x00000000200002c1                button1State
                0x00000000200002c2                button2Pressed
                0x00000000200002c3                button3Pressed
                0x00000000200002c4                button4State
                0x00000000200002c5                button1Pressed
                0x00000000200002c6                button1State_old
                0x00000000200002c7                button3State
 COMMON         0x00000000200002c8       0x44 Src\LCD.o
                0x00000000200002c8                hour_displayed
                0x00000000200002c9                second_displayed
                0x00000000200002ca                minute_displayed
                0x00000000200002cc                htimLCD
 COMMON         0x000000002000030c       0x90 Src\Light.o
                0x000000002000030c                b
                0x0000000020000310                sunriseStarted
                0x0000000020000314                g
                0x0000000020000318                r
                0x000000002000031c                htimLED2
                0x000000002000035c                htimLED1
 COMMON         0x000000002000039c       0x60 Src\Time.o
                0x000000002000039c                htim4
                0x00000000200003dc                alarmT
                0x00000000200003e4                timeT
                0x00000000200003e8                hrtcRTC
 COMMON         0x00000000200003fc      0x1f0 Src\main.o
                0x00000000200003fc                hdma_usart3_rx
                0x0000000020000440                huart3
                0x0000000020000480                hi2c1
                0x00000000200004d4                htim3
                0x0000000020000514                hrtc
                0x0000000020000528                htim1
                0x0000000020000568                hdma_memtomem_dma1_channel1
                0x00000000200005ac                htim2
 COMMON         0x00000000200005ec        0x4 Src\stm32f1xx_it.o
                0x00000000200005ec                backlightCounter
 COMMON         0x00000000200005f0        0x4 c:/program files (x86)/stm/stm32cubeide_1.0.0/stm32cubeide/plugins/com.st.stm32cube.ide.mcu.externaltools.gnu-tools-for-stm32.7-2018-q2-update.win32_1.0.0.201904181610/tools/bin/../lib/gcc/arm-none-eabi/7.3.1/../../../../arm-none-eabi/lib/thumb/v7-m\libc_nano.a(lib_a-reent.o)
                0x00000000200005f0                errno
                0x00000000200005f4                . = ALIGN (0x4)
                0x00000000200005f4                _ebss = .
                0x00000000200005f4                __bss_end__ = _ebss

._user_heap_stack
                0x00000000200005f4      0x604 load address 0x00000000080095d4
                0x00000000200005f8                . = ALIGN (0x8)
 *fill*         0x00000000200005f4        0x4 
                0x00000000200005f8                PROVIDE (end = .)
                [!provide]                        PROVIDE (_end = .)
                0x00000000200007f8                . = (. + _Min_Heap_Size)
 *fill*         0x00000000200005f8      0x200 
                0x0000000020000bf8                . = (. + _Min_Stack_Size)
 *fill*         0x00000000200007f8      0x400 
                0x0000000020000bf8                . = ALIGN (0x8)

/DISCARD/
 libc.a(*)
 libm.a(*)
 libgcc.a(*)

.ARM.attributes
                0x0000000000000000       0x29
 *(.ARM.attributes)
 .ARM.attributes
                0x0000000000000000       0x1d c:/program files (x86)/stm/stm32cubeide_1.0.0/stm32cubeide/plugins/com.st.stm32cube.ide.mcu.externaltools.gnu-tools-for-stm32.7-2018-q2-update.win32_1.0.0.201904181610/tools/bin/../lib/gcc/arm-none-eabi/7.3.1/thumb/v7-m/crti.o
 .ARM.attributes
                0x000000000000001d       0x2d c:/program files (x86)/stm/stm32cubeide_1.0.0/stm32cubeide/plugins/com.st.stm32cube.ide.mcu.externaltools.gnu-tools-for-stm32.7-2018-q2-update.win32_1.0.0.201904181610/tools/bin/../lib/gcc/arm-none-eabi/7.3.1/thumb/v7-m/crtbegin.o
 .ARM.attributes
                0x000000000000004a       0x33 Drivers\STM32F1xx_HAL_Driver\Src\stm32f1xx_hal.o
 .ARM.attributes
                0x000000000000007d       0x33 Drivers\STM32F1xx_HAL_Driver\Src\stm32f1xx_hal_cortex.o
 .ARM.attributes
                0x00000000000000b0       0x33 Drivers\STM32F1xx_HAL_Driver\Src\stm32f1xx_hal_dma.o
 .ARM.attributes
                0x00000000000000e3       0x33 Drivers\STM32F1xx_HAL_Driver\Src\stm32f1xx_hal_gpio.o
 .ARM.attributes
                0x0000000000000116       0x33 Drivers\STM32F1xx_HAL_Driver\Src\stm32f1xx_hal_i2c.o
 .ARM.attributes
                0x0000000000000149       0x33 Drivers\STM32F1xx_HAL_Driver\Src\stm32f1xx_hal_pwr.o
 .ARM.attributes
                0x000000000000017c       0x33 Drivers\STM32F1xx_HAL_Driver\Src\stm32f1xx_hal_rcc.o
 .ARM.attributes
                0x00000000000001af       0x33 Drivers\STM32F1xx_HAL_Driver\Src\stm32f1xx_hal_rcc_ex.o
 .ARM.attributes
                0x00000000000001e2       0x33 Drivers\STM32F1xx_HAL_Driver\Src\stm32f1xx_hal_rtc.o
 .ARM.attributes
                0x0000000000000215       0x33 Drivers\STM32F1xx_HAL_Driver\Src\stm32f1xx_hal_rtc_ex.o
 .ARM.attributes
                0x0000000000000248       0x33 Drivers\STM32F1xx_HAL_Driver\Src\stm32f1xx_hal_tim.o
 .ARM.attributes
                0x000000000000027b       0x33 Drivers\STM32F1xx_HAL_Driver\Src\stm32f1xx_hal_tim_ex.o
 .ARM.attributes
                0x00000000000002ae       0x33 Drivers\STM32F1xx_HAL_Driver\Src\stm32f1xx_hal_uart.o
 .ARM.attributes
                0x00000000000002e1       0x33 Src\Audio.o
 .ARM.attributes
                0x0000000000000314       0x33 Src\Bluetooth.o
 .ARM.attributes
                0x0000000000000347       0x33 Src\Button.o
 .ARM.attributes
                0x000000000000037a       0x33 Src\LCD.o
 .ARM.attributes
                0x00000000000003ad       0x33 Src\Light.o
 .ARM.attributes
                0x00000000000003e0       0x33 Src\Time.o
 .ARM.attributes
                0x0000000000000413       0x33 Src\UI.o
 .ARM.attributes
                0x0000000000000446       0x33 Src\main.o
 .ARM.attributes
                0x0000000000000479       0x33 Src\stm32f1xx_hal_msp.o
 .ARM.attributes
                0x00000000000004ac       0x33 Src\stm32f1xx_it.o
 .ARM.attributes
                0x00000000000004df       0x33 Src\sysmem.o
 .ARM.attributes
                0x0000000000000512       0x33 Src\system_stm32f1xx.o
 .ARM.attributes
                0x0000000000000545       0x21 Startup\startup_stm32f103c8tx.o
 .ARM.attributes
                0x0000000000000566       0x2d c:/program files (x86)/stm/stm32cubeide_1.0.0/stm32cubeide/plugins/com.st.stm32cube.ide.mcu.externaltools.gnu-tools-for-stm32.7-2018-q2-update.win32_1.0.0.201904181610/tools/bin/../lib/gcc/arm-none-eabi/7.3.1/../../../../arm-none-eabi/lib/thumb/v7-m\libc_nano.a(lib_a-errno.o)
 .ARM.attributes
                0x0000000000000593       0x2d c:/program files (x86)/stm/stm32cubeide_1.0.0/stm32cubeide/plugins/com.st.stm32cube.ide.mcu.externaltools.gnu-tools-for-stm32.7-2018-q2-update.win32_1.0.0.201904181610/tools/bin/../lib/gcc/arm-none-eabi/7.3.1/../../../../arm-none-eabi/lib/thumb/v7-m\libc_nano.a(lib_a-impure.o)
 .ARM.attributes
                0x00000000000005c0       0x2d c:/program files (x86)/stm/stm32cubeide_1.0.0/stm32cubeide/plugins/com.st.stm32cube.ide.mcu.externaltools.gnu-tools-for-stm32.7-2018-q2-update.win32_1.0.0.201904181610/tools/bin/../lib/gcc/arm-none-eabi/7.3.1/../../../../arm-none-eabi/lib/thumb/v7-m\libc_nano.a(lib_a-init.o)
 .ARM.attributes
                0x00000000000005ed       0x2d c:/program files (x86)/stm/stm32cubeide_1.0.0/stm32cubeide/plugins/com.st.stm32cube.ide.mcu.externaltools.gnu-tools-for-stm32.7-2018-q2-update.win32_1.0.0.201904181610/tools/bin/../lib/gcc/arm-none-eabi/7.3.1/../../../../arm-none-eabi/lib/thumb/v7-m\libc_nano.a(lib_a-memset.o)
 .ARM.attributes
                0x000000000000061a       0x2d c:/program files (x86)/stm/stm32cubeide_1.0.0/stm32cubeide/plugins/com.st.stm32cube.ide.mcu.externaltools.gnu-tools-for-stm32.7-2018-q2-update.win32_1.0.0.201904181610/tools/bin/../lib/gcc/arm-none-eabi/7.3.1/../../../../arm-none-eabi/lib/thumb/v7-m\libc_nano.a(lib_a-sprintf.o)
 .ARM.attributes
                0x0000000000000647       0x2d c:/program files (x86)/stm/stm32cubeide_1.0.0/stm32cubeide/plugins/com.st.stm32cube.ide.mcu.externaltools.gnu-tools-for-stm32.7-2018-q2-update.win32_1.0.0.201904181610/tools/bin/../lib/gcc/arm-none-eabi/7.3.1/../../../../arm-none-eabi/lib/thumb/v7-m\libc_nano.a(lib_a-sscanf.o)
 .ARM.attributes
                0x0000000000000674       0x2d c:/program files (x86)/stm/stm32cubeide_1.0.0/stm32cubeide/plugins/com.st.stm32cube.ide.mcu.externaltools.gnu-tools-for-stm32.7-2018-q2-update.win32_1.0.0.201904181610/tools/bin/../lib/gcc/arm-none-eabi/7.3.1/../../../../arm-none-eabi/lib/thumb/v7-m\libc_nano.a(lib_a-stdio.o)
 .ARM.attributes
                0x00000000000006a1       0x17 c:/program files (x86)/stm/stm32cubeide_1.0.0/stm32cubeide/plugins/com.st.stm32cube.ide.mcu.externaltools.gnu-tools-for-stm32.7-2018-q2-update.win32_1.0.0.201904181610/tools/bin/../lib/gcc/arm-none-eabi/7.3.1/../../../../arm-none-eabi/lib/thumb/v7-m\libc_nano.a(lib_a-strlen.o)
 .ARM.attributes
                0x00000000000006b8       0x2d c:/program files (x86)/stm/stm32cubeide_1.0.0/stm32cubeide/plugins/com.st.stm32cube.ide.mcu.externaltools.gnu-tools-for-stm32.7-2018-q2-update.win32_1.0.0.201904181610/tools/bin/../lib/gcc/arm-none-eabi/7.3.1/../../../../arm-none-eabi/lib/thumb/v7-m\libc_nano.a(lib_a-nano-svfprintf.o)
 .ARM.attributes
                0x00000000000006e5       0x2d c:/program files (x86)/stm/stm32cubeide_1.0.0/stm32cubeide/plugins/com.st.stm32cube.ide.mcu.externaltools.gnu-tools-for-stm32.7-2018-q2-update.win32_1.0.0.201904181610/tools/bin/../lib/gcc/arm-none-eabi/7.3.1/../../../../arm-none-eabi/lib/thumb/v7-m\libc_nano.a(lib_a-nano-svfscanf.o)
 .ARM.attributes
                0x0000000000000712       0x2d c:/program files (x86)/stm/stm32cubeide_1.0.0/stm32cubeide/plugins/com.st.stm32cube.ide.mcu.externaltools.gnu-tools-for-stm32.7-2018-q2-update.win32_1.0.0.201904181610/tools/bin/../lib/gcc/arm-none-eabi/7.3.1/../../../../arm-none-eabi/lib/thumb/v7-m\libc_nano.a(lib_a-nano-vfprintf_i.o)
 .ARM.attributes
                0x000000000000073f       0x2d c:/program files (x86)/stm/stm32cubeide_1.0.0/stm32cubeide/plugins/com.st.stm32cube.ide.mcu.externaltools.gnu-tools-for-stm32.7-2018-q2-update.win32_1.0.0.201904181610/tools/bin/../lib/gcc/arm-none-eabi/7.3.1/../../../../arm-none-eabi/lib/thumb/v7-m\libc_nano.a(lib_a-nano-vfscanf_i.o)
 .ARM.attributes
                0x000000000000076c       0x2d c:/program files (x86)/stm/stm32cubeide_1.0.0/stm32cubeide/plugins/com.st.stm32cube.ide.mcu.externaltools.gnu-tools-for-stm32.7-2018-q2-update.win32_1.0.0.201904181610/tools/bin/../lib/gcc/arm-none-eabi/7.3.1/../../../../arm-none-eabi/lib/thumb/v7-m\libc_nano.a(lib_a-reent.o)
 .ARM.attributes
                0x0000000000000799       0x2d c:/program files (x86)/stm/stm32cubeide_1.0.0/stm32cubeide/plugins/com.st.stm32cube.ide.mcu.externaltools.gnu-tools-for-stm32.7-2018-q2-update.win32_1.0.0.201904181610/tools/bin/../lib/gcc/arm-none-eabi/7.3.1/../../../../arm-none-eabi/lib/thumb/v7-m\libc_nano.a(lib_a-sccl.o)
 .ARM.attributes
                0x00000000000007c6       0x2d c:/program files (x86)/stm/stm32cubeide_1.0.0/stm32cubeide/plugins/com.st.stm32cube.ide.mcu.externaltools.gnu-tools-for-stm32.7-2018-q2-update.win32_1.0.0.201904181610/tools/bin/../lib/gcc/arm-none-eabi/7.3.1/../../../../arm-none-eabi/lib/thumb/v7-m\libc_nano.a(lib_a-strtol.o)
 .ARM.attributes
                0x00000000000007f3       0x2d c:/program files (x86)/stm/stm32cubeide_1.0.0/stm32cubeide/plugins/com.st.stm32cube.ide.mcu.externaltools.gnu-tools-for-stm32.7-2018-q2-update.win32_1.0.0.201904181610/tools/bin/../lib/gcc/arm-none-eabi/7.3.1/../../../../arm-none-eabi/lib/thumb/v7-m\libc_nano.a(lib_a-strtoul.o)
 .ARM.attributes
                0x0000000000000820       0x2d c:/program files (x86)/stm/stm32cubeide_1.0.0/stm32cubeide/plugins/com.st.stm32cube.ide.mcu.externaltools.gnu-tools-for-stm32.7-2018-q2-update.win32_1.0.0.201904181610/tools/bin/../lib/gcc/arm-none-eabi/7.3.1/../../../../arm-none-eabi/lib/thumb/v7-m\libc_nano.a(lib_a-ungetc.o)
 .ARM.attributes
                0x000000000000084d       0x2d c:/program files (x86)/stm/stm32cubeide_1.0.0/stm32cubeide/plugins/com.st.stm32cube.ide.mcu.externaltools.gnu-tools-for-stm32.7-2018-q2-update.win32_1.0.0.201904181610/tools/bin/../lib/gcc/arm-none-eabi/7.3.1/../../../../arm-none-eabi/lib/thumb/v7-m\libc_nano.a(lib_a-findfp.o)
 .ARM.attributes
                0x000000000000087a       0x2d c:/program files (x86)/stm/stm32cubeide_1.0.0/stm32cubeide/plugins/com.st.stm32cube.ide.mcu.externaltools.gnu-tools-for-stm32.7-2018-q2-update.win32_1.0.0.201904181610/tools/bin/../lib/gcc/arm-none-eabi/7.3.1/../../../../arm-none-eabi/lib/thumb/v7-m\libc_nano.a(lib_a-locale.o)
 .ARM.attributes
                0x00000000000008a7       0x2d c:/program files (x86)/stm/stm32cubeide_1.0.0/stm32cubeide/plugins/com.st.stm32cube.ide.mcu.externaltools.gnu-tools-for-stm32.7-2018-q2-update.win32_1.0.0.201904181610/tools/bin/../lib/gcc/arm-none-eabi/7.3.1/../../../../arm-none-eabi/lib/thumb/v7-m\libc_nano.a(lib_a-mbtowc_r.o)
 .ARM.attributes
                0x00000000000008d4       0x2d c:/program files (x86)/stm/stm32cubeide_1.0.0/stm32cubeide/plugins/com.st.stm32cube.ide.mcu.externaltools.gnu-tools-for-stm32.7-2018-q2-update.win32_1.0.0.201904181610/tools/bin/../lib/gcc/arm-none-eabi/7.3.1/../../../../arm-none-eabi/lib/thumb/v7-m\libc_nano.a(lib_a-memchr-stub.o)
 .ARM.attributes
                0x0000000000000901       0x2d c:/program files (x86)/stm/stm32cubeide_1.0.0/stm32cubeide/plugins/com.st.stm32cube.ide.mcu.externaltools.gnu-tools-for-stm32.7-2018-q2-update.win32_1.0.0.201904181610/tools/bin/../lib/gcc/arm-none-eabi/7.3.1/../../../../arm-none-eabi/lib/thumb/v7-m\libc_nano.a(lib_a-memcpy-stub.o)
 .ARM.attributes
                0x000000000000092e       0x2d c:/program files (x86)/stm/stm32cubeide_1.0.0/stm32cubeide/plugins/com.st.stm32cube.ide.mcu.externaltools.gnu-tools-for-stm32.7-2018-q2-update.win32_1.0.0.201904181610/tools/bin/../lib/gcc/arm-none-eabi/7.3.1/../../../../arm-none-eabi/lib/thumb/v7-m\libc_nano.a(lib_a-memmove.o)
 .ARM.attributes
                0x000000000000095b       0x2d c:/program files (x86)/stm/stm32cubeide_1.0.0/stm32cubeide/plugins/com.st.stm32cube.ide.mcu.externaltools.gnu-tools-for-stm32.7-2018-q2-update.win32_1.0.0.201904181610/tools/bin/../lib/gcc/arm-none-eabi/7.3.1/../../../../arm-none-eabi/lib/thumb/v7-m\libc_nano.a(lib_a-nano-freer.o)
 .ARM.attributes
                0x0000000000000988       0x2d c:/program files (x86)/stm/stm32cubeide_1.0.0/stm32cubeide/plugins/com.st.stm32cube.ide.mcu.externaltools.gnu-tools-for-stm32.7-2018-q2-update.win32_1.0.0.201904181610/tools/bin/../lib/gcc/arm-none-eabi/7.3.1/../../../../arm-none-eabi/lib/thumb/v7-m\libc_nano.a(lib_a-nano-mallocr.o)
 .ARM.attributes
                0x00000000000009b5       0x2d c:/program files (x86)/stm/stm32cubeide_1.0.0/stm32cubeide/plugins/com.st.stm32cube.ide.mcu.externaltools.gnu-tools-for-stm32.7-2018-q2-update.win32_1.0.0.201904181610/tools/bin/../lib/gcc/arm-none-eabi/7.3.1/../../../../arm-none-eabi/lib/thumb/v7-m\libc_nano.a(lib_a-nano-reallocr.o)
 .ARM.attributes
                0x00000000000009e2       0x2d c:/program files (x86)/stm/stm32cubeide_1.0.0/stm32cubeide/plugins/com.st.stm32cube.ide.mcu.externaltools.gnu-tools-for-stm32.7-2018-q2-update.win32_1.0.0.201904181610/tools/bin/../lib/gcc/arm-none-eabi/7.3.1/../../../../arm-none-eabi/lib/thumb/v7-m\libc_nano.a(lib_a-sbrkr.o)
 .ARM.attributes
                0x0000000000000a0f       0x2d c:/program files (x86)/stm/stm32cubeide_1.0.0/stm32cubeide/plugins/com.st.stm32cube.ide.mcu.externaltools.gnu-tools-for-stm32.7-2018-q2-update.win32_1.0.0.201904181610/tools/bin/../lib/gcc/arm-none-eabi/7.3.1/../../../../arm-none-eabi/lib/thumb/v7-m\libc_nano.a(lib_a-wctomb_r.o)
 .ARM.attributes
                0x0000000000000a3c       0x2d c:/program files (x86)/stm/stm32cubeide_1.0.0/stm32cubeide/plugins/com.st.stm32cube.ide.mcu.externaltools.gnu-tools-for-stm32.7-2018-q2-update.win32_1.0.0.201904181610/tools/bin/../lib/gcc/arm-none-eabi/7.3.1/../../../../arm-none-eabi/lib/thumb/v7-m\libc_nano.a(lib_a-ctype_.o)
 .ARM.attributes