Time.c:35:6:setHardware	24	static
Time.c:39:6:HAL_RTCEx_RTCEventCallback	16	static
Time.c:43:6:HAL_RTC_AlarmAEventCallback	24	static
Time.c:61:6:delayUS	24	static
Time.c:69:6:setTimeString	24	static
Time.c:82:6:setTime	16	static
Time.c:89:9:getHour	8	static
Time.c:93:9:getMinute	8	static
Time.c:97:9:getSecond	8	static
Time.c:102:9:getAlarmHour	4	static
Time.c:105:9:getAlarmMinute	4	static
Time.c:108:9:getAlarmSecond	4	static
Time.c:111:9:getAlarmLightHour	4	static
Time.c:114:9:getAlarmLightMinute	4	static
Time.c:117:9:getAlarmLightSecond	4	static
Time.c:121:6:setAlarm	64	static
Time.c:183:6:resetAlarm	8	static
Time.c:193:6:initRTC	32	static
Time.c:209:6:handleRTCTimeStep	32	static
Time.c:235:6:drawTimeOnUI	32	static
Time.c:242:6:drawAlarmTimeOnUI	24	static
Time.c:258:9:getAlarmSetStatus	4	static
Time.c:261:9:getAudioAlarmStatus	4	static
Time.c:264:9:getLightAlarmStatus	4	static
Time.c:267:9:getDismissedStatus	4	static
Time.c:270:6:dismissAlarm	4	static
